Component: ARM Compiler 5.06 update 6 (build 750) Tool: armlink [4d35ed]

==============================================================================

Section Cross References

    startup_stm32f10x_hd.o(RESET) refers to startup_stm32f10x_hd.o(STACK) for __initial_sp
    startup_stm32f10x_hd.o(RESET) refers to startup_stm32f10x_hd.o(.text) for Reset_Handler
    startup_stm32f10x_hd.o(RESET) refers to port.o(.emb_text) for SVC_Handler
    startup_stm32f10x_hd.o(RESET) refers to stm32f10x_it.o(i.SysTick_Handler) for SysTick_Handler
    startup_stm32f10x_hd.o(RESET) refers to stm32f10x_it.o(i.TIM2_IRQHandler) for TIM2_IRQHandler
    startup_stm32f10x_hd.o(RESET) refers to stm32f10x_it.o(i.TIM3_IRQHandler) for TIM3_IRQHandler
    startup_stm32f10x_hd.o(RESET) refers to stm32f10x_it.o(i.USART1_IRQHandler) for USART1_IRQHandler
    startup_stm32f10x_hd.o(RESET) refers to stm32f10x_it.o(i.USART2_IRQHandler) for USART2_IRQHandler
    startup_stm32f10x_hd.o(RESET) refers to stm32f10x_it.o(i.EXTI15_10_IRQHandler) for EXTI15_10_IRQHandler
    startup_stm32f10x_hd.o(.text) refers to system_stm32f10x.o(i.SystemInit) for SystemInit
    startup_stm32f10x_hd.o(.text) refers to entry.o(.ARM.Collect$$$$00000000) for __main
    system_stm32f10x.o(i.SystemCoreClockUpdate) refers to system_stm32f10x.o(.data) for .data
    system_stm32f10x.o(i.SystemInit) refers to system_stm32f10x.o(i.SetSysClockTo72) for SetSysClockTo72
    stm32f10x_adc.o(i.ADC_DeInit) refers to stm32f10x_rcc.o(i.RCC_APB2PeriphResetCmd) for RCC_APB2PeriphResetCmd
    stm32f10x_bkp.o(i.BKP_DeInit) refers to stm32f10x_rcc.o(i.RCC_BackupResetCmd) for RCC_BackupResetCmd
    stm32f10x_can.o(i.CAN_DeInit) refers to stm32f10x_rcc.o(i.RCC_APB1PeriphResetCmd) for RCC_APB1PeriphResetCmd
    stm32f10x_can.o(i.CAN_GetITStatus) refers to stm32f10x_can.o(i.CheckITStatus) for CheckITStatus
    stm32f10x_cec.o(i.CEC_DeInit) refers to stm32f10x_rcc.o(i.RCC_APB1PeriphResetCmd) for RCC_APB1PeriphResetCmd
    stm32f10x_dac.o(i.DAC_DeInit) refers to stm32f10x_rcc.o(i.RCC_APB1PeriphResetCmd) for RCC_APB1PeriphResetCmd
    stm32f10x_flash.o(i.FLASH_EnableWriteProtection) refers to stm32f10x_flash.o(i.FLASH_WaitForLastOperation) for FLASH_WaitForLastOperation
    stm32f10x_flash.o(i.FLASH_EraseAllBank1Pages) refers to stm32f10x_flash.o(i.FLASH_WaitForLastBank1Operation) for FLASH_WaitForLastBank1Operation
    stm32f10x_flash.o(i.FLASH_EraseAllPages) refers to stm32f10x_flash.o(i.FLASH_WaitForLastOperation) for FLASH_WaitForLastOperation
    stm32f10x_flash.o(i.FLASH_EraseOptionBytes) refers to stm32f10x_flash.o(i.FLASH_GetReadOutProtectionStatus) for FLASH_GetReadOutProtectionStatus
    stm32f10x_flash.o(i.FLASH_EraseOptionBytes) refers to stm32f10x_flash.o(i.FLASH_WaitForLastOperation) for FLASH_WaitForLastOperation
    stm32f10x_flash.o(i.FLASH_ErasePage) refers to stm32f10x_flash.o(i.FLASH_WaitForLastOperation) for FLASH_WaitForLastOperation
    stm32f10x_flash.o(i.FLASH_ProgramHalfWord) refers to stm32f10x_flash.o(i.FLASH_WaitForLastOperation) for FLASH_WaitForLastOperation
    stm32f10x_flash.o(i.FLASH_ProgramOptionByteData) refers to stm32f10x_flash.o(i.FLASH_WaitForLastOperation) for FLASH_WaitForLastOperation
    stm32f10x_flash.o(i.FLASH_ProgramWord) refers to stm32f10x_flash.o(i.FLASH_WaitForLastOperation) for FLASH_WaitForLastOperation
    stm32f10x_flash.o(i.FLASH_ReadOutProtection) refers to stm32f10x_flash.o(i.FLASH_WaitForLastOperation) for FLASH_WaitForLastOperation
    stm32f10x_flash.o(i.FLASH_UserOptionByteConfig) refers to stm32f10x_flash.o(i.FLASH_WaitForLastOperation) for FLASH_WaitForLastOperation
    stm32f10x_flash.o(i.FLASH_WaitForLastBank1Operation) refers to stm32f10x_flash.o(i.FLASH_GetBank1Status) for FLASH_GetBank1Status
    stm32f10x_flash.o(i.FLASH_WaitForLastOperation) refers to stm32f10x_flash.o(i.FLASH_GetBank1Status) for FLASH_GetBank1Status
    stm32f10x_gpio.o(i.GPIO_AFIODeInit) refers to stm32f10x_rcc.o(i.RCC_APB2PeriphResetCmd) for RCC_APB2PeriphResetCmd
    stm32f10x_gpio.o(i.GPIO_DeInit) refers to stm32f10x_rcc.o(i.RCC_APB2PeriphResetCmd) for RCC_APB2PeriphResetCmd
    stm32f10x_i2c.o(i.I2C_DeInit) refers to stm32f10x_rcc.o(i.RCC_APB1PeriphResetCmd) for RCC_APB1PeriphResetCmd
    stm32f10x_i2c.o(i.I2C_Init) refers to stm32f10x_rcc.o(i.RCC_GetClocksFreq) for RCC_GetClocksFreq
    stm32f10x_pwr.o(i.PWR_DeInit) refers to stm32f10x_rcc.o(i.RCC_APB1PeriphResetCmd) for RCC_APB1PeriphResetCmd
    stm32f10x_rcc.o(i.RCC_GetClocksFreq) refers to stm32f10x_rcc.o(.data) for .data
    stm32f10x_rcc.o(i.RCC_WaitForHSEStartUp) refers to stm32f10x_rcc.o(i.RCC_GetFlagStatus) for RCC_GetFlagStatus
    stm32f10x_rtc.o(i.RTC_SetAlarm) refers to stm32f10x_rtc.o(i.RTC_EnterConfigMode) for RTC_EnterConfigMode
    stm32f10x_rtc.o(i.RTC_SetAlarm) refers to stm32f10x_rtc.o(i.RTC_ExitConfigMode) for RTC_ExitConfigMode
    stm32f10x_rtc.o(i.RTC_SetCounter) refers to stm32f10x_rtc.o(i.RTC_EnterConfigMode) for RTC_EnterConfigMode
[...]
    nwtick                                   0x20004758   Data          12  game_logic_cc_transmitter.o(.bss)
    oetick                                   0x20004764   Data          12  game_logic_cc_transmitter.o(.bss)
    netick                                   0x20004770   Data          12  game_logic_cc_transmitter.o(.bss)
    cntr                                     0x2000477c   Data          12  game_logic_cc_transmitter.o(.bss)
    .bss                                     0x20004788   Section       24  game_logic_cc_gun.o(.bss)
    owtick                                   0x20004788   Data          12  game_logic_cc_gun.o(.bss)
    nwtick                                   0x20004794   Data          12  game_logic_cc_gun.o(.bss)
    .bss                                     0x200047a0   Section       27  game_logic_cc_ball_recycle_score.o(.bss)
    sta                                      0x200047a0   Data           9  game_logic_cc_ball_recycle_score.o(.bss)
    owtick                                   0x200047a9   Data           9  game_logic_cc_ball_recycle_score.o(.bss)
    nwtick                                   0x200047b2   Data           9  game_logic_cc_ball_recycle_score.o(.bss)
    .bss                                     0x200047bc   Section       24  game_logic_cc_doll_score.o(.bss)
    owtick                                   0x200047bc   Data          12  game_logic_cc_doll_score.o(.bss)
    nwtick                                   0x200047c8   Data          12  game_logic_cc_doll_score.o(.bss)
    .bss                                     0x200047d4   Section       72  game_logic_cc_gift_out.o(.bss)
    SecondMotor                              0x200047d4   Data          12  game_logic_cc_gift_out.o(.bss)
    owtick                                   0x200047e0   Data          12  game_logic_cc_gift_out.o(.bss)
    nwtick                                   0x200047ec   Data          12  game_logic_cc_gift_out.o(.bss)
    oetick                                   0x200047f8   Data          12  game_logic_cc_gift_out.o(.bss)
    netick                                   0x20004804   Data          12  game_logic_cc_gift_out.o(.bss)
    sta                                      0x20004810   Data          12  game_logic_cc_gift_out.o(.bss)
    .bss                                     0x2000481c   Section       48  game_logic_cc_keyled.o(.bss)
    otick                                    0x2000481c   Data          12  game_logic_cc_keyled.o(.bss)
    ntick                                    0x20004828   Data          12  game_logic_cc_keyled.o(.bss)
    owtick                                   0x20004834   Data          12  game_logic_cc_keyled.o(.bss)
    nwtick                                   0x20004840   Data          12  game_logic_cc_keyled.o(.bss)
    STACK                                    0x20004850   Section     1024  startup_stm32f10x_hd.o(STACK)

    Global Symbols

    Symbol Name                              Value     Ov Type        Size  Object(Section)

    BuildAttributes$$THM_ISAv4$P$D$K$B$S$PE$A:L22UL41UL21$X:L11$S22US41US21$IEEE1$IW$USESV6$~STKCKD$USESV7$~SHL$OSPACE$ROPI$EBA8$MICROLIB$REQ8$PRES8$EABIv2 0x00000000   Number         0  anon$$obj.o ABSOLUTE
    __ARM_use_no_argv                        0x00000000   Number         0  main.o ABSOLUTE
    _printf_a                                0x00000000   Number         0  stubs.o ABSOLUTE
    _printf_c                                0x00000000   Number         0  stubs.o ABSOLUTE
    _printf_charcount                        0x00000000   Number         0  stubs.o ABSOLUTE
    _printf_d                                0x00000000   Number         0  stubs.o ABSOLUTE
    _printf_e                                0x00000000   Number         0  stubs.o ABSOLUTE
    _printf_f                                0x00000000   Number         0  stubs.o ABSOLUTE
    _printf_flags                            0x00000000   Number         0  stubs.o ABSOLUTE
    _printf_fp_dec                           0x00000000   Number         0  stubs.o ABSOLUTE
    _printf_fp_hex                           0x00000000   Number         0  stubs.o ABSOLUTE
    _printf_g                                0x00000000   Number         0  stubs.o ABSOLUTE
    _printf_i                                0x00000000   Number         0  stubs.o ABSOLUTE
    _printf_int_dec                          0x00000000   Number         0  stubs.o ABSOLUTE
    _printf_l                                0x00000000   Number         0  stubs.o ABSOLUTE
    _printf_lc                               0x00000000   Number         0  stubs.o ABSOLUTE
    _printf_ll                               0x00000000   Number         0  stubs.o ABSOLUTE
    _printf_lld                              0x00000000   Number         0  stubs.o ABSOLUTE
    _printf_lli                              0x00000000   Number         0  stubs.o ABSOLUTE
    _printf_llo                              0x00000000   Number         0  stubs.o ABSOLUTE
    _printf_llu                              0x00000000   Number         0  stubs.o ABSOLUTE
    _printf_llx                              0x00000000   Number         0  stubs.o ABSOLUTE
    _printf_longlong_dec                     0x00000000   Number         0  stubs.o ABSOLUTE
    _printf_longlong_hex                     0x00000000   Number         0  stubs.o ABSOLUTE
    _printf_longlong_oct                     0x00000000   Number         0  stubs.o ABSOLUTE
    _printf_ls                               0x00000000   Number         0  stubs.o ABSOLUTE
    _printf_mbtowc                           0x00000000   Number         0  stubs.o ABSOLUTE
    _printf_n                                0x00000000   Number         0  stubs.o ABSOLUTE
    _printf_o                                0x00000000   Number         0  stubs.o ABSOLUTE
    _printf_p                                0x00000000   Number         0  stubs.o ABSOLUTE
    _printf_percent                          0x00000000   Number         0  stubs.o ABSOLUTE
    _printf_pre_padding                      0x00000000   Number         0  stubs.o ABSOLUTE
    _printf_return_value                     0x00000000   Number         0  stubs.o ABSOLUTE
    _printf_s                                0x00000000   Number         0  stubs.o ABSOLUTE
    _printf_sizespec                         0x00000000   Number         0  stubs.o ABSOLUTE
    _printf_str                              0x00000000   Number         0  stubs.o ABSOLUTE
    _printf_truncate_signed                  0x00000000   Number         0  stubs.o ABSOLUTE
    _printf_truncate_unsigned                0x00000000   Number         0  stubs.o ABSOLUTE
    _printf_u                                0x00000000   Number         0  stubs.o ABSOLUTE
    _printf_wc                               0x00000000   Number         0  stubs.o ABSOLUTE
    _printf_wctomb                           0x00000000   Number         0  stubs.o ABSOLUTE
    _printf_widthprec                        0x00000000   Number         0  stubs.o ABSOLUTE
    _printf_x                                0x00000000   Number         0  stubs.o ABSOLUTE
    __cpp_initialize__aeabi_                  - Undefined Weak Reference
    __cxa_finalize                            - Undefined Weak Reference
    _clock_init                               - Undefined Weak Reference
    _microlib_exit                            - Undefined Weak Reference
    __Vectors_Size                           0x00000130   Number         0  startup_stm32f10x_hd.o ABSOLUTE
    __Vectors                                0x08000000   Data           4  startup_stm32f10x_hd.o(RESET)
    __Vectors_End                            0x08000130   Data           0  startup_stm32f10x_hd.o(RESET)
    __main                                   0x08000131   Thumb Code     0  entry.o(.ARM.Collect$$$$00000000)
    _main_stk                                0x08000131   Thumb Code     0  entry2.o(.ARM.Collect$$$$00000001)
    _main_scatterload                        0x08000135   Thumb Code     0  entry5.o(.ARM.Collect$$$$00000004)
    __main_after_scatterload                 0x08000139   Thumb Code     0  entry5.o(.ARM.Collect$$$$00000004)
    _main_clock                              0x08000139   Thumb Code     0  entry7b.o(.ARM.Collect$$$$00000008)
    _main_cpp_init                           0x08000139   Thumb Code     0  entry8b.o(.ARM.Collect$$$$0000000A)
    _main_init                               0x08000139   Thumb Code     0  entry9a.o(.ARM.Collect$$$$0000000B)
    __rt_final_cpp                           0x08000141   Thumb Code     0  entry10a.o(.ARM.Collect$$$$0000000D)
    __rt_final_exit                          0x08000141   Thumb Code     0  entry11a.o(.ARM.Collect$$$$0000000F)
    SVC_Handler                              0x08000145   Thumb Code    32  port.o(.emb_text)
    __asm___6_port_c_39a90d8d__prvStartFirstTask 0x08000169   Thumb Code    28  port.o(.emb_text)
    PendSV_Handler                           0x08000189   Thumb Code    72  port.o(.emb_text)
    vPortGetIPSR                             0x080001d5   Thumb Code     6  port.o(.emb_text)
    Reset_Handler                            0x080001dd   Thumb Code     8  startup_stm32f10x_hd.o(.text)
    NMI_Handler                              0x080001e5   Thumb Code     2  startup_stm32f10x_hd.o(.text)
    HardFault_Handler                        0x080001e7   Thumb Code     2  startup_stm32f10x_hd.o(.text)
    MemManage_Handler                        0x080001e9   Thumb Code     2  startup_stm32f10x_hd.o(.text)
    BusFault_Handler                         0x080001eb   Thumb Code     2  startup_stm32f10x_hd.o(.text)
    UsageFault_Handler                       0x080001ed   Thumb Code     2  startup_stm32f10x_hd.o(.text)
    DebugMon_Handler                         0x080001f1   Thumb Code     2  startup_stm32f10x_hd.o(.text)
    ADC1_2_IRQHandler                        0x080001f7   Thumb Code     0  startup_stm32f10x_hd.o(.text)
    ADC3_IRQHandler                          0x080001f7   Thumb Code     0  startup_stm32f10x_hd.o(.text)
    CAN1_RX1_IRQHandler                      0x080001f7   Thumb Code     0  startup_stm32f10x_hd.o(.text)
    CAN1_SCE_IRQHandler                      0x080001f7   Thumb Code     0  startup_stm32f10x_hd.o(.text)
    DMA1_Channel1_IRQHandler                 0x080001f7   Thumb Code     0  startup_stm32f10x_hd.o(.text)
    DMA1_Channel2_IRQHandler                 0x080001f7   Thumb Code     0  startup_stm32f10x_hd.o(.text)
    DMA1_Channel3_IRQHandler                 0x080001f7   Thumb Code     0  startup_stm32f10x_hd.o(.text)
    DMA1_Channel4_IRQHandler                 0x080001f7   Thumb Code     0  startup_stm32f10x_hd.o(.text)
    DMA1_Channel5_IRQHandler                 0x080001f7   Thumb Code     0  startup_stm32f10x_hd.o(.text)
    DMA1_Channel6_IRQHandler                 0x080001f7   Thumb Code     0  startup_stm32f10x_hd.o(.text)
    DMA1_Channel7_IRQHandler                 0x080001f7   Thumb Code     0  startup_stm32f10x_hd.o(.text)
    DMA2_Channel1_IRQHandler                 0x080001f7   Thumb Code     0  startup_stm32f10x_hd.o(.text)
    DMA2_Channel2_IRQHandler                 0x080001f7   Thumb Code     0  startup_stm32f10x_hd.o(.text)
    DMA2_Channel3_IRQHandler                 0x080001f7   Thumb Code     0  startup_stm32f10x_hd.o(.text)
    DMA2_Channel4_5_IRQHandler               0x080001f7   Thumb Code     0  startup_stm32f10x_hd.o(.text)
    EXTI0_IRQHandler                         0x080001f7   Thumb Code     0  startup_stm32f10x_hd.o(.text)
    EXTI1_IRQHandler                         0x080001f7   Thumb Code     0  startup_stm32f10x_hd.o(.text)
    EXTI2_IRQHandler                         0x080001f7   Thumb Code     0  startup_stm32f10x_hd.o(.text)
    EXTI3_IRQHandler                         0x080001f7   Thumb Code     0  startup_stm32f10x_hd.o(.text)
    EXTI4_IRQHandler                         0x080001f7   Thumb Code     0  startup_stm32f10x_hd.o(.text)
    EXTI9_5_IRQHandler                       0x080001f7   Thumb Code     0  startup_stm32f10x_hd.o(.text)
    FLASH_IRQHandler                         0x080001f7   Thumb Code     0  startup_stm32f10x_hd.o(.text)
    FSMC_IRQHandler                          0x080001f7   Thumb Code     0  startup_stm32f10x_hd.o(.text)
    I2C1_ER_IRQHandler                       0x080001f7   Thumb Code     0  startup_stm32f10x_hd.o(.text)
    I2C1_EV_IRQHandler                       0x080001f7   Thumb Code     0  startup_stm32f10x_hd.o(.text)
    I2C2_ER_IRQHandler                       0x080001f7   Thumb Code     0  startup_stm32f10x_hd.o(.text)
    I2C2_EV_IRQHandler                       0x080001f7   Thumb Code     0  startup_stm32f10x_hd.o(.text)
    PVD_IRQHandler                           0x080001f7   Thumb Code     0  startup_stm32f10x_hd.o(.text)
    RCC_IRQHandler                           0x080001f7   Thumb Code     0  startup_stm32f10x_hd.o(.text)
    RTCAlarm_IRQHandler                      0x080001f7   Thumb Code     0  startup_stm32f10x_hd.o(.text)
    RTC_IRQHandler                           0x080001f7   Thumb Code     0  startup_stm32f10x_hd.o(.text)
    SDIO_IRQHandler                          0x080001f7   Thumb Code     0  startup_stm32f10x_hd.o(.text)
    SPI1_IRQHandler                          0x080001f7   Thumb Code     0  startup_stm32f10x_hd.o(.text)
    SPI2_IRQHandler                          0x080001f7   Thumb Code     0  startup_stm32f10x_hd.o(.text)
    SPI3_IRQHandler                          0x080001f7   Thumb Code     0  startup_stm32f10x_hd.o(.text)
    TAMPER_IRQHandler                        0x080001f7   Thumb Code     0  startup_stm32f10x_hd.o(.text)
    TIM1_BRK_IRQHandler                      0x080001f7   Thumb Code     0  startup_stm32f10x_hd.o(.text)
    TIM1_CC_IRQHandler                       0x080001f7   Thumb Code     0  startup_stm32f10x_hd.o(.text)
    TIM1_TRG_COM_IRQHandler                  0x080001f7   Thumb Code     0  startup_stm32f10x_hd.o(.text)
    TIM1_UP_IRQHandler                       0x080001f7   Thumb Code     0  startup_stm32f10x_hd.o(.text)
    TIM4_IRQHandler                          0x080001f7   Thumb Code     0  startup_stm32f10x_hd.o(.text)
    TIM5_IRQHandler                          0x080001f7   Thumb Code     0  startup_stm32f10x_hd.o(.text)
    TIM6_IRQHandler                          0x080001f7   Thumb Code     0  startup_stm32f10x_hd.o(.text)
    TIM7_IRQHandler                          0x080001f7   Thumb Code     0  startup_stm32f10x_hd.o(.text)
    TIM8_BRK_IRQHandler                      0x080001f7   Thumb Code     0  startup_stm32f10x_hd.o(.text)
    TIM8_CC_IRQHandler                       0x080001f7   Thumb Code     0  startup_stm32f10x_hd.o(.text)
    TIM8_TRG_COM_IRQHandler                  0x080001f7   Thumb Code     0  startup_stm32f10x_hd.o(.text)
    TIM8_UP_IRQHandler                       0x080001f7   Thumb Code     0  startup_stm32f10x_hd.o(.text)
    UART4_IRQHandler                         0x080001f7   Thumb Code     0  startup_stm32f10x_hd.o(.text)
    UART5_IRQHandler                         0x080001f7   Thumb Code     0  startup_stm32f10x_hd.o(.text)
    USART3_IRQHandler                        0x080001f7   Thumb Code     0  startup_stm32f10x_hd.o(.text)
    USBWakeUp_IRQHandler                     0x080001f7   Thumb Code     0  startup_stm32f10x_hd.o(.text)
    USB_HP_CAN1_TX_IRQHandler                0x080001f7   Thumb Code     0  startup_stm32f10x_hd.o(.text)
    USB_LP_CAN1_RX0_IRQHandler               0x080001f7   Thumb Code     0  startup_stm32f10x_hd.o(.text)
    WWDG_IRQHandler                          0x080001f7   Thumb Code     0  startup_stm32f10x_hd.o(.text)
    __aeabi_memcpy                           0x08000201   Thumb Code    36  memcpya.o(.text)
    __aeabi_memcpy4                          0x08000201   Thumb Code     0  memcpya.o(.text)
    __aeabi_memcpy8                          0x08000201   Thumb Code     0  memcpya.o(.text)
    __aeabi_uidiv                            0x08000225   Thumb Code     0  uidiv.o(.text)
    __aeabi_uidivmod                         0x08000225   Thumb Code    44  uidiv.o(.text)
    __aeabi_uldivmod                         0x08000251   Thumb Code    98  uldiv.o(.text)
    __I$use$fp                               0x080002b3   Thumb Code     0  iusefp.o(.text)
    __aeabi_dadd                             0x080002b3   Thumb Code   322  dadd.o(.text)
    __aeabi_dsub                             0x080003f5   Thumb Code     6  dadd.o(.text)
    __aeabi_drsub                            0x080003fb   Thumb Code     6  dadd.o(.text)
    __aeabi_dmul                             0x08000401   Thumb Code   228  dmul.o(.text)
    __aeabi_ddiv                             0x080004e5   Thumb Code   222  ddiv.o(.text)
    __aeabi_d2ulz                            0x080005c3   Thumb Code    48  dfixul.o(.text)
    __aeabi_cdrcmple                         0x080005f5   Thumb Code    48  cdrcmple.o(.text)
    __scatterload                            0x08000625   Thumb Code    28  init.o(.text)
    __scatterload_rt2                        0x08000625   Thumb Code     0  init.o(.text)
    __aeabi_llsl                             0x08000649   Thumb Code    30  llshl.o(.text)
    _ll_shift_l                              0x08000649   Thumb Code     0  llshl.o(.text)
    __aeabi_llsr                             0x08000667   Thumb Code    32  llushr.o(.text)
    _ll_ushift_r                             0x08000667   Thumb Code     0  llushr.o(.text)
    __aeabi_lasr                             0x08000687   Thumb Code    36  llsshr.o(.text)
    _ll_sshift_r                             0x08000687   Thumb Code     0  llsshr.o(.text)
    _double_round                            0x080006ab   Thumb Code    30  depilogue.o(.text)
    _double_epilogue                         0x080006c9   Thumb Code   156  depilogue.o(.text)
    __decompress                             0x08000765   Thumb Code     0  __dczerorl2.o(.text)
    __decompress1                            0x08000765   Thumb Code    86  __dczerorl2.o(.text)
    Cat_TSMT_Signal                          0x080007dd   Thumb Code    44  game_logic_cc_transmitter.o(i.Cat_TSMT_Signal)
    EXTI15_10_IRQHandler                     0x08000829   Thumb Code    98  stm32f10x_it.o(i.EXTI15_10_IRQHandler)
    EXTI_ClearITPendingBit                   0x08000895   Thumb Code     6  stm32f10x_exti.o(i.EXTI_ClearITPendingBit)
    EXTI_GetITStatus                         0x080008a1   Thumb Code    28  stm32f10x_exti.o(i.EXTI_GetITStatus)
    GENERAL_TIM_Init                         0x080008c1   Thumb Code   114  drv_timer_tick.o(i.GENERAL_TIM_Init)
    GPIO_Init                                0x08000933   Thumb Code   156  stm32f10x_gpio.o(i.GPIO_Init)
    GPIO_PinRemapConfig                      0x080009d1   Thumb Code    82  stm32f10x_gpio.o(i.GPIO_PinRemapConfig)
    GPIO_ReadInputDataBit                    0x08000a29   Thumb Code    14  stm32f10x_gpio.o(i.GPIO_ReadInputDataBit)
    GPIO_ResetBits                           0x08000a37   Thumb Code     4  stm32f10x_gpio.o(i.GPIO_ResetBits)
    GPIO_SetBits                             0x08000a3b   Thumb Code     4  stm32f10x_gpio.o(i.GPIO_SetBits)
    Get_SDA                                  0x08000a41   Thumb Code    10  drv_24c0x_iic_port.o(i.Get_SDA)
    IIC_Ack                                  0x08000a51   Thumb Code    30  drv_24c0x_iic_port.o(i.IIC_Ack)
    IIC_GetACK                               0x08000a6f   Thumb Code    36  drv_24c0x_iic_port.o(i.IIC_GetACK)
    IIC_NoAck                                0x08000a93   Thumb Code    30  drv_24c0x_iic_port.o(i.IIC_NoAck)
    IIC_RecByte                              0x08000ab1   Thumb Code    56  drv_24c0x_iic_port.o(i.IIC_RecByte)
    IIC_SendByte                             0x08000ae9   Thumb Code    60  drv_24c0x_iic_port.o(i.IIC_SendByte)
    IIC_Start                                0x08000b25   Thumb Code    30  drv_24c0x_iic_port.o(i.IIC_Start)
    IIC_Stop                                 0x08000b43   Thumb Code    26  drv_24c0x_iic_port.o(i.IIC_Stop)
    IIC_hw_init                              0x08000b5d   Thumb Code    86  drv_24c0x_iic_port.o(i.IIC_hw_init)
    NVIC_Init                                0x08000bc1   Thumb Code    94  misc.o(i.NVIC_Init)
    NVIC_PriorityGroupConfig                 0x08000c25   Thumb Code    10  misc.o(i.NVIC_PriorityGroupConfig)
    PageV                                    0x08000c39   Thumb Code    18  ui_manager.o(i.PageV)
    RCC_APB1PeriphClockCmd                   0x08000c59   Thumb Code    18  stm32f10x_rcc.o(i.RCC_APB1PeriphClockCmd)
    RCC_APB2PeriphClockCmd                   0x08000c71   Thumb Code    18  stm32f10x_rcc.o(i.RCC_APB2PeriphClockCmd)
    RCC_GetClocksFreq                        0x08000c89   Thumb Code   132  stm32f10x_rcc.o(i.RCC_GetClocksFreq)
    SCL_H                                    0x08000dbd   Thumb Code     8  drv_24c0x_iic_port.o(i.SCL_H)
    SCL_L                                    0x08000dc9   Thumb Code     8  drv_24c0x_iic_port.o(i.SCL_L)
    SDA_H                                    0x08000dd5   Thumb Code    10  drv_24c0x_iic_port.o(i.SDA_H)
    SDA_L                                    0x08000de5   Thumb Code    10  drv_24c0x_iic_port.o(i.SDA_L)
    SysTick_Handler                          0x08000e9d   Thumb Code    20  stm32f10x_it.o(i.SysTick_Handler)
    SystemInit                               0x08000eb1   Thumb Code    64  system_stm32f10x.o(i.SystemInit)
    TIM2_IRQHandler                          0x08000f01   Thumb Code    34  stm32f10x_it.o(i.TIM2_IRQHandler)
    TIM3_IRQHandler                          0x08000f25   Thumb Code    30  stm32f10x_it.o(i.TIM3_IRQHandler)
    TIM_ClearFlag                            0x08000f49   Thumb Code     6  stm32f10x_tim.o(i.TIM_ClearFlag)
    TIM_ClearITPendingBit                    0x08000f4f   Thumb Code     6  stm32f10x_tim.o(i.TIM_ClearITPendingBit)
    TIM_Cmd                                  0x08000f55   Thumb Code    20  stm32f10x_tim.o(i.TIM_Cmd)
    TIM_GetITStatus                          0x08000f69   Thumb Code    24  stm32f10x_tim.o(i.TIM_GetITStatus)
    TIM_ITConfig                             0x08000f81   Thumb Code    16  stm32f10x_tim.o(i.TIM_ITConfig)
    TIM_TimeBaseInit                         0x08000f91   Thumb Code   114  stm32f10x_tim.o(i.TIM_TimeBaseInit)
    USART1_IRQHandler                        0x0800102d   Thumb Code    46  stm32f10x_it.o(i.USART1_IRQHandler)
    USART2_IRQHandler                        0x08001061   Thumb Code    46  stm32f10x_it.o(i.USART2_IRQHandler)
    USART_Cmd                                0x08001095   Thumb Code    20  stm32f10x_usart.o(i.USART_Cmd)
    USART_GetFlagStatus                      0x0800115d   Thumb Code    14  stm32f10x_usart.o(i.USART_GetFlagStatus)
    USART_GetITStatus                        0x0800116b   Thumb Code    62  stm32f10x_usart.o(i.USART_GetITStatus)
    USART_ITConfig                           0x080011a9   Thumb Code    48  stm32f10x_usart.o(i.USART_ITConfig)
    USART_Init                               0x080011d9   Thumb Code   166  stm32f10x_usart.o(i.USART_Init)
    USART_ReceiveData                        0x08001285   Thumb Code     8  stm32f10x_usart.o(i.USART_ReceiveData)
    USART_SendData                           0x0800128d   Thumb Code     8  stm32f10x_usart.o(i.USART_SendData)
    __0printf                                0x08001369   Thumb Code    22  printfa.o(i.__0printf)
    __1printf                                0x08001369   Thumb Code     0  printfa.o(i.__0printf)
    __2printf                                0x08001369   Thumb Code     0  printfa.o(i.__0printf)
    __c89printf                              0x08001369   Thumb Code     0  printfa.o(i.__0printf)
    printf                                   0x08001369   Thumb Code     0  printfa.o(i.__0printf)
    __0vsnprintf                             0x08001389   Thumb Code    40  printfa.o(i.__0vsnprintf)
    __1vsnprintf                             0x08001389   Thumb Code     0  printfa.o(i.__0vsnprintf)
    __2vsnprintf                             0x08001389   Thumb Code     0  printfa.o(i.__0vsnprintf)
    __c89vsnprintf                           0x08001389   Thumb Code     0  printfa.o(i.__0vsnprintf)
    vsnprintf                                0x08001389   Thumb Code     0  printfa.o(i.__0vsnprintf)
    __scatterload_copy                       0x080013b5   Thumb Code    14  handlers.o(i.__scatterload_copy)
    __scatterload_null                       0x080013c3   Thumb Code     2  handlers.o(i.__scatterload_null)
    __scatterload_zeroinit                   0x080013c5   Thumb Code    14  handlers.o(i.__scatterload_zeroinit)
    add_args                                 0x08001c9d   Thumb Code    52  ui_page_selt_args_page.o(i.add_args)
    add_systick                              0x08001cd5   Thumb Code    10  drv_timer_tick.o(i.add_systick)
    deal_ball_recycle_score_logic            0x08001fd9   Thumb Code    30  game_logic_cc_ball_recycle_score.o(i.deal_ball_recycle_score_logic)
    deal_ball_recycle_socre                  0x08001ff9   Thumb Code   222  game_logic_cc_ball_recycle_score.o(i.deal_ball_recycle_socre)
    deal_coin_signal                         0x080020e9   Thumb Code    94  game_logic_cc_coin.o(i.deal_coin_signal)
    deal_doll_score_logic                    0x08002151   Thumb Code   212  game_logic_cc_doll_score.o(i.deal_doll_score_logic)
    deal_gift_out_logic                      0x08002239   Thumb Code   514  game_logic_cc_gift_out.o(i.deal_gift_out_logic)
    deal_gun_logic                           0x08002451   Thumb Code   310  game_logic_cc_gun.o(i.deal_gun_logic)
    deal_key_logic                           0x0800259d   Thumb Code   192  game_logic_cc_keyled.o(i.deal_key_logic)
    deal_tsmt_logic                          0x080026e9   Thumb Code   396  game_logic_cc_transmitter.o(i.deal_tsmt_logic)
    do_create_host_task                      0x08002951   Thumb Code    52  task_host.o(i.do_create_host_task)
    do_create_listen_task                    0x08002a09   Thumb Code    52  task_listen.o(i.do_create_listen_task)
    do_create_player1_task                   0x08002ac5   Thumb Code    52  task_player1.o(i.do_create_player1_task)
    do_create_player2_task                   0x08002b8d   Thumb Code    52  task_player2.o(i.do_create_player2_task)
    do_create_player3_task                   0x08002c55   Thumb Code    52  task_player3.o(i.do_create_player3_task)
    do_create_start_task                     0x08002d1d   Thumb Code    36  task_start.o(i.do_create_start_task)
    do_create_ui_task                        0x08002d55   Thumb Code    52  task_ui.o(i.do_create_ui_task)
    fputc                                    0x08002e05   Thumb Code    30  drv_debug_usart.o(i.fputc)
    game_data_create                         0x08002e29   Thumb Code     6  game_data_create.o(i.game_data_create)
    game_data_destory                        0x08002e2f   Thumb Code     4  game_data_destroy.o(i.game_data_destory)
    game_logic_deal                          0x08002e35   Thumb Code    60  game_logic_deal.o(i.game_logic_deal)
    get_gift_signal                          0x08002ea5   Thumb Code    50  game_logic_cc_gift_out.o(i.get_gift_signal)
    get_keyboard_event                       0x08002ee9   Thumb Code    42  keyboard_coroutine.o(i.get_keyboard_event)
    host_master_thread                       0x08002f25   Thumb Code   164  host_master_thread.o(i.host_master_thread)
    init_audio_usart_port_1st                0x0800303d   Thumb Code   130  drv_audio_usart_port.o(i.init_audio_usart_port_1st)
    init_audio_usart_port_2nd                0x080030c9   Thumb Code     2  drv_audio_usart_port.o(i.init_audio_usart_port_2nd)
    init_drv_24c0x                           0x080030cd   Thumb Code    32  drv_24c0x.o(i.init_drv_24c0x)
    init_drv_audio_1st                       0x080030f9   Thumb Code    92  drv_audio.o(i.init_drv_audio_1st)
    init_drv_audio_2nd                       0x08003195   Thumb Code   146  drv_audio.o(i.init_drv_audio_2nd)
    init_drv_debug_usart_after_os_run        0x0800322d   Thumb Code    22  drv_debug_usart.o(i.init_drv_debug_usart_after_os_run)
    init_drv_debug_usart_before_os_run       0x08003249   Thumb Code    26  drv_debug_usart.o(i.init_drv_debug_usart_before_os_run)
    init_drv_ex_inputbus                     0x08003279   Thumb Code    34  drv_ex_inputbus.o(i.init_drv_ex_inputbus)
    init_drv_ex_led                          0x080032a9   Thumb Code    34  drv_ex_led.o(i.init_drv_ex_led)
    init_drv_eye_input                       0x080032d9   Thumb Code   184  drv_eye_input.o(i.init_drv_eye_input)
    init_drv_hc165_port1                     0x080033a5   Thumb Code    34  drv_74hc165_port1.o(i.init_drv_hc165_port1)
    init_drv_hc595_for_2803                  0x080033d9   Thumb Code   182  drv_74hc595_port_for_2803.o(i.init_drv_hc595_for_2803)
    init_drv_hc595_seg_bus                   0x080034c9   Thumb Code   160  drv_74hc595_port_for_seg_bus.o(i.init_drv_hc595_seg_bus)
    init_drv_io_mos                          0x08003599   Thumb Code    42  drv_io_mos.o(i.init_drv_io_mos)
    init_drv_loop_port                       0x080035d1   Thumb Code    22  drv_loop_port.o(i.init_drv_loop_port)
    init_drv_seg_bus                         0x080035fd   Thumb Code   140  drv_seg_bus.o(i.init_drv_seg_bus)
    init_drv_timer_tick                      0x080036a9   Thumb Code    38  drv_timer_tick.o(i.init_drv_timer_tick)
    init_exled_coroutine                     0x080036dd   Thumb Code    36  exled_coroutine.o(i.init_exled_coroutine)
    init_gdat_opt                            0x08003709   Thumb Code    28  game_data.o(i.init_gdat_opt)
    init_hw_hc165                            0x08003741   Thumb Code    94  drv_74hc165_port1.o(i.init_hw_hc165)
    init_keyboard_coroutine                  0x08003841   Thumb Code    22  keyboard_coroutine.o(i.init_keyboard_coroutine)
    init_seg_coroutine                       0x0800385d   Thumb Code    36  seg_coroitine.o(i.init_seg_coroutine)
    listen_all_gun_ready_coroutine           0x0800397d   Thumb Code    88  gun_sta_coroutine.o(i.listen_all_gun_ready_coroutine)
    listen_coroutine_keyboard                0x080039e1   Thumb Code   132  keyboard_coroutine.o(i.listen_coroutine_keyboard)
    listen_doll_move_coroutine               0x08003a6d   Thumb Code   124  doll_move_coroutine.o(i.listen_doll_move_coroutine)
    listen_exled_coroutine                   0x08003af5   Thumb Code    86  exled_coroutine.o(i.listen_exled_coroutine)
    listen_seg_coroutine                     0x08003b5d   Thumb Code    90  seg_coroitine.o(i.listen_seg_coroutine)
    listten_seg                              0x08003bc5   Thumb Code    14  host_master_thread.o(i.listten_seg)
    main                                     0x08003c4f   Thumb Code    18  main.o(i.main)
    mouse_move                               0x08003c79   Thumb Code    16  ui_page_selt_args_page.o(i.mouse_move)
    mouse_to_board                           0x08003c89   Thumb Code    32  ui_page_selt_args_page.o(i.mouse_to_board)
    mq_deal_coroutine                        0x08003ca9   Thumb Code    34  drv_debug_usart.o(i.mq_deal_coroutine)
    mq_printf                                0x08003cd5   Thumb Code    38  drv_debug_usart.o(i.mq_printf)
    mq_printf_isr                            0x08003d01   Thumb Code    42  drv_debug_usart.o(i.mq_printf_isr)
    pull_exled_req                           0x080045e5   Thumb Code    30  exled_coroutine.o(i.pull_exled_req)
    pull_keyboard_event                      0x08004609   Thumb Code    24  keyboard_coroutine.o(i.pull_keyboard_event)
    pull_seg_disp_graphical_req              0x08004625   Thumb Code    40  seg_coroitine.o(i.pull_seg_disp_graphical_req)
    pull_seg_disp_num_req                    0x08004655   Thumb Code    38  seg_coroitine.o(i.pull_seg_disp_num_req)
    pvPortMalloc                             0x080046b5   Thumb Code   214  heap_4.o(i.pvPortMalloc)
    pvTaskIncrementMutexHeldCount            0x080047c9   Thumb Code    18  tasks.o(i.pvTaskIncrementMutexHeldCount)
    pxPortInitialiseStack                    0x080047e1   Thumb Code    32  port.o(i.pxPortInitialiseStack)
    read_board_config                        0x08004805   Thumb Code   132  game_data_config.o(i.read_board_config)
    reduce_args                              0x08004a19   Thumb Code    52  ui_page_selt_args_page.o(i.reduce_args)
    req_doll_move_active                     0x08004ab1   Thumb Code     8  doll_move_coroutine.o(i.req_doll_move_active)
    req_doll_move_unactive                   0x08004abd   Thumb Code     8  doll_move_coroutine.o(i.req_doll_move_unactive)
    send_char_to_audio_0                     0x08004c65   Thumb Code     8  drv_audio_usart_port.o(i.send_char_to_audio_0)
    send_char_to_audio_1                     0x08004c71   Thumb Code     8  drv_audio_usart_port.o(i.send_char_to_audio_1)
    set_audio_aux                            0x08004c7d   Thumb Code    30  drv_audio_usart_port.o(i.set_audio_aux)
    suspend_game_logic                       0x08004ea9   Thumb Code     8  game_logic_deal.o(i.suspend_game_logic)
    suspend_seg_coroutine                    0x08004eb5   Thumb Code     8  seg_coroitine.o(i.suspend_seg_coroutine)
    uxListRemove                             0x08005119   Thumb Code    36  list.o(i.uxListRemove)
    vListInitialise                          0x0800513d   Thumb Code    22  list.o(i.vListInitialise)
    vListInitialiseItem                      0x08005153   Thumb Code     6  list.o(i.vListInitialiseItem)
    vListInsert                              0x08005159   Thumb Code    48  list.o(i.vListInsert)
    vListInsertEnd                           0x08005189   Thumb Code    24  list.o(i.vListInsertEnd)
    vPortEnterCritical                       0x080051a1   Thumb Code    50  port.o(i.vPortEnterCritical)
    vPortExitCritical                        0x08005215   Thumb Code    34  port.o(i.vPortExitCritical)
    vPortFree                                0x08005275   Thumb Code    94  heap_4.o(i.vPortFree)
    vPortSetupTimerInterrupt                 0x08005311   Thumb Code    26  port.o(i.vPortSetupTimerInterrupt)
    vPortValidateInterruptPriority           0x08005331   Thumb Code    70  port.o(i.vPortValidateInterruptPriority)
    vQueueAddToRegistry                      0x080053b9   Thumb Code    32  queue.o(i.vQueueAddToRegistry)
    vQueueWaitForMessageRestricted           0x080053dd   Thumb Code    68  queue.o(i.vQueueWaitForMessageRestricted)
    vTaskDelay                               0x08005421   Thumb Code    62  tasks.o(i.vTaskDelay)
    vTaskDelete                              0x08005495   Thumb Code   152  tasks.o(i.vTaskDelete)
    vTaskMissedYield                         0x08005569   Thumb Code     8  tasks.o(i.vTaskMissedYield)
    vTaskPlaceOnEventList                    0x08005575   Thumb Code    44  tasks.o(i.vTaskPlaceOnEventList)
    vTaskPlaceOnEventListRestricted          0x080055d1   Thumb Code    52  tasks.o(i.vTaskPlaceOnEventListRestricted)
    vTaskPriorityInherit                     0x08005635   Thumb Code   124  tasks.o(i.vTaskPriorityInherit)
    vTaskSetTimeOutState                     0x080056b9   Thumb Code    30  tasks.o(i.vTaskSetTimeOutState)
    vTaskStartScheduler                      0x08005709   Thumb Code    96  tasks.o(i.vTaskStartScheduler)
    vTaskSuspendAll                          0x080057a5   Thumb Code    10  tasks.o(i.vTaskSuspendAll)
    vTaskSwitchContext                       0x080057b5   Thumb Code    80  tasks.o(i.vTaskSwitchContext)
    wirte_game_data_gift_cntr                0x08005839   Thumb Code    32  game_data_config.o(i.wirte_game_data_gift_cntr)
    write_game_data_player_data              0x08005965   Thumb Code    28  game_data_config.o(i.write_game_data_player_data)
    xPortGetFreeHeapSize                     0x08005985   Thumb Code     6  heap_4.o(i.xPortGetFreeHeapSize)
    xPortStartScheduler                      0x08005991   Thumb Code   108  port.o(i.xPortStartScheduler)
    xPortSysTickHandler                      0x08005a09   Thumb Code    38  port.o(i.xPortSysTickHandler)
    xQueueCreateMutex                        0x08005a35   Thumb Code    36  queue.o(i.xQueueCreateMutex)
    xQueueGenericCreate                      0x08005a59   Thumb Code    72  queue.o(i.xQueueGenericCreate)
    xQueueGenericReceive                     0x08005acd   Thumb Code   348  queue.o(i.xQueueGenericReceive)
    xQueueGenericReset                       0x08005c59   Thumb Code   128  queue.o(i.xQueueGenericReset)
    xQueueGenericSend                        0x08005d09   Thumb Code   350  queue.o(i.xQueueGenericSend)
    xQueueGenericSendFromISR                 0x08005e99   Thumb Code   188  queue.o(i.xQueueGenericSendFromISR)
    xTaskCheckForTimeOut                     0x08005f81   Thumb Code    94  tasks.o(i.xTaskCheckForTimeOut)
    xTaskCreate                              0x08006011   Thumb Code    86  tasks.o(i.xTaskCreate)
    xTaskGetSchedulerState                   0x08006069   Thumb Code    22  tasks.o(i.xTaskGetSchedulerState)
    xTaskGetTickCount                        0x08006085   Thumb Code     6  tasks.o(i.xTaskGetTickCount)
    xTaskIncrementTick                       0x08006091   Thumb Code   188  tasks.o(i.xTaskIncrementTick)
    xTaskPriorityDisinherit                  0x08006181   Thumb Code   136  tasks.o(i.xTaskPriorityDisinherit)
    xTaskRemoveFromEventList                 0x0800623d   Thumb Code   102  tasks.o(i.xTaskRemoveFromEventList)
    xTaskResumeAll                           0x080062dd   Thumb Code   180  tasks.o(i.xTaskResumeAll)
    xTimerCreate                             0x080063c9   Thumb Code    74  timers.o(i.xTimerCreate)
    xTimerCreateTimerTask                    0x08006441   Thumb Code    58  timers.o(i.xTimerCreateTimerTask)
    xTimerGenericCommand                     0x080064b9   Thumb Code    98  timers.o(i.xTimerGenericCommand)
    Region$$Table$$Base                      0x0800654c   Number         0  anon$$obj.o(Region$$Table)
    Region$$Table$$Limit                     0x0800656c   Number         0  anon$$obj.o(Region$$Table)
    SystemCoreClock                          0x20000000   Data           4  system_stm32f10x.o(.data)
    AHBPrescTable                            0x20000004   Data          16  system_stm32f10x.o(.data)
    pxCurrentTCB                             0x20000028   Data           4  tasks.o(.data)
    timtick                                  0x200000a4   Data           4  drv_timer_tick.o(.data)
    dbg                                      0x200000b4   Data           4  drv_debug_usart.o(.data)
    iic_24c0x                                0x200000bc   Data           4  drv_24c0x.o(.data)
    eye_input                                0x200000cc   Data           4  drv_eye_input.o(.data)
    ex_seg_bus                               0x200000e0   Data           4  drv_seg_bus.o(.data)
    iomos                                    0x200000e8   Data           4  drv_io_mos.o(.data)
    open_io_mos                              0x200000f4   Data          20  drv_io_mos.o(.data)
    close_io_mos                             0x20000108   Data          20  drv_io_mos.o(.data)
    audio_0                                  0x2000012c   Data           4  drv_audio.o(.data)
    audio_1                                  0x20000130   Data           4  drv_audio.o(.data)
    ex_inputbus                              0x20000150   Data           4  drv_ex_inputbus.o(.data)
    exled                                    0x20000164   Data           4  drv_ex_led.o(.data)
    loop                                     0x20000174   Data           4  drv_loop_port.o(.data)
    hc595_seg_bus                            0x20000184   Data           4  drv_74hc595_port_for_seg_bus.o(.data)
    hc165_port1                              0x20000194   Data           4  drv_74hc165_port1.o(.data)
    hc595_for_2803                           0x200001a4   Data           4  drv_74hc595_port_for_2803.o(.data)
    gdat_opt                                 0x200001cc   Data           4  game_data.o(.data)
    null_page                                0x20000224   Data          16  ui_manager.o(.data)
    idle_page                                0x20000234   Data          16  ui_page_idle.o(.data)
    selt_args_page                           0x20000254   Data          16  ui_page_selt_args_page.o(.data)
    __stdout                                 0x20000264   Data           4  stdout.o(.data)
    xQueueRegistry                           0x20000268   Data          80  queue.o(.bss)
    gamedat                                  0x200046f8   Data          12  host_master_thread.o(.bss)
    __initial_sp                             0x20004c50   Data           0  startup_stm32f10x_hd.o(STACK)



==============================================================================

Memory Map of the image

  Image Entry point : 0x08000131

  Load Region LR_IROM1 (Base: 0x08000000, Size: 0x000067d4, Max: 0x00020000, ABSOLUTE, COMPRESSED[0x000065d0])

    Execution Region ER_IROM1 (Exec base: 0x08000000, Load base: 0x08000000, Size: 0x0000656c, Max: 0x00020000, ABSOLUTE)

    Exec Addr    Load Addr    Size         Type   Attr      Idx    E Section Name        Object

    0x08000000   0x08000000   0x00000130   Data   RO            3    RESET               startup_stm32f10x_hd.o
    0x08000130   0x08000130   0x00000000   Code   RO         5684  * .ARM.Collect$$$$00000000  mc_w.l(entry.o)
    0x08000130   0x08000130   0x00000004   Code   RO         5952    .ARM.Collect$$$$00000001  mc_w.l(entry2.o)
    0x08000134   0x08000134   0x00000004   Code   RO         5955    .ARM.Collect$$$$00000004  mc_w.l(entry5.o)
    0x08000138   0x08000138   0x00000000   Code   RO         5957    .ARM.Collect$$$$00000008  mc_w.l(entry7b.o)
    0x08000138   0x08000138   0x00000000   Code   RO         5959    .ARM.Collect$$$$0000000A  mc_w.l(entry8b.o)
    0x08000138   0x08000138   0x00000008   Code   RO         5960    .ARM.Collect$$$$0000000B  mc_w.l(entry9a.o)
    0x08000140   0x08000140   0x00000000   Code   RO         5962    .ARM.Collect$$$$0000000D  mc_w.l(entry10a.o)
    0x08000140   0x08000140   0x00000000   Code   RO         5964    .ARM.Collect$$$$0000000F  mc_w.l(entry11a.o)
    0x08000140   0x08000140   0x00000004   Code   RO         5953    .ARM.Collect$$$$00002712  mc_w.l(entry2.o)
    0x08000144   0x08000144   0x00000096   Code   RO         4013    .emb_text           port.o
    0x080001da   0x080001da   0x00000002   PAD
    0x080001dc   0x080001dc   0x00000024   Code   RO            4    .text               startup_stm32f10x_hd.o
    0x08000200   0x08000200   0x00000024   Code   RO         5687    .text               mc_w.l(memcpya.o)
    0x08000224   0x08000224   0x0000002c   Code   RO         5967    .text               mc_w.l(uidiv.o)
    0x08000250   0x08000250   0x00000062   Code   RO         5969    .text               mc_w.l(uldiv.o)
    0x080002b2   0x080002b2   0x00000000   Code   RO         5971    .text               mc_w.l(iusefp.o)
    0x080002b2   0x080002b2   0x0000014e   Code   RO         5972    .text               mf_w.l(dadd.o)
    0x08000400   0x08000400   0x000000e4   Code   RO         5974    .text               mf_w.l(dmul.o)
    0x080004e4   0x080004e4   0x000000de   Code   RO         5976    .text               mf_w.l(ddiv.o)
    0x080005c2   0x080005c2   0x00000030   Code   RO         5978    .text               mf_w.l(dfixul.o)
    0x080005f2   0x080005f2   0x00000002   PAD
    0x080005f4   0x080005f4   0x00000030   Code   RO         5980    .text               mf_w.l(cdrcmple.o)
    0x08000624   0x08000624   0x00000024   Code   RO         5982    .text               mc_w.l(init.o)
    0x08000648   0x08000648   0x0000001e   Code   RO         5984    .text               mc_w.l(llshl.o)
    0x08000666   0x08000666   0x00000020   Code   RO         5986    .text               mc_w.l(llushr.o)
    0x08000686   0x08000686   0x00000024   Code   RO         5988    .text               mc_w.l(llsshr.o)
    0x080006aa   0x080006aa   0x000000ba   Code   RO         5990    .text               mf_w.l(depilogue.o)
    0x08000764   0x08000764   0x00000056   Code   RO         6000    .text               mc_w.l(__dczerorl2.o)
    0x080007ba   0x080007ba   0x00000002   PAD
    0x080007bc   0x080007bc   0x00000010   Code   RO         4851    i.CLK_H             drv_74hc165_port1.o
    0x080007cc   0x080007cc   0x00000010   Code   RO         4852    i.CLK_L             drv_74hc165_port1.o
    0x080007dc   0x080007dc   0x00000034   Code   RO         5451    i.Cat_TSMT_Signal   game_logic_cc_transmitter.o
    0x08000810   0x08000810   0x0000000c   Code   RO         4853    i.DAT_STA           drv_74hc165_port1.o
    0x0800081c   0x0800081c   0x0000000c   Code   RO         4586    i.Delay5us          drv_24c0x_iic_port.o
    0x08000828   0x08000828   0x0000006c   Code   RO         3156    i.EXTI15_10_IRQHandler  stm32f10x_it.o
    0x08000894   0x08000894   0x0000000c   Code   RO          934    i.EXTI_ClearITPendingBit  stm32f10x_exti.o
    0x080008a0   0x080008a0   0x00000020   Code   RO          938    i.EXTI_GetITStatus  stm32f10x_exti.o
    0x080008c0   0x080008c0   0x00000072   Code   RO         4090    i.GENERAL_TIM_Init  drv_timer_tick.o
    0x08000932   0x08000932   0x0000009c   Code   RO         1285    i.GPIO_Init         stm32f10x_gpio.o
    0x080009ce   0x080009ce   0x00000002   PAD
    0x080009d0   0x080009d0   0x00000058   Code   RO         1287    i.GPIO_PinRemapConfig  stm32f10x_gpio.o
    0x08000a28   0x08000a28   0x0000000e   Code   RO         1289    i.GPIO_ReadInputDataBit  stm32f10x_gpio.o
    0x08000a36   0x08000a36   0x00000004   Code   RO         1292    i.GPIO_ResetBits    stm32f10x_gpio.o
    0x08000a3a   0x08000a3a   0x00000004   Code   RO         1293    i.GPIO_SetBits      stm32f10x_gpio.o
    0x08000a3e   0x08000a3e   0x00000002   PAD
    0x08000a40   0x08000a40   0x00000010   Code   RO         4587    i.Get_SDA           drv_24c0x_iic_port.o
    0x08000a50   0x08000a50   0x0000001e   Code   RO         4588    i.IIC_Ack           drv_24c0x_iic_port.o
    0x08000a6e   0x08000a6e   0x00000024   Code   RO         4589    i.IIC_GetACK        drv_24c0x_iic_port.o
    0x08000a92   0x08000a92   0x0000001e   Code   RO         4590    i.IIC_NoAck         drv_24c0x_iic_port.o
    0x08000ab0   0x08000ab0   0x00000038   Code   RO         4591    i.IIC_RecByte       drv_24c0x_iic_port.o
    0x08000ae8   0x08000ae8   0x0000003c   Code   RO         4592    i.IIC_SendByte      drv_24c0x_iic_port.o
    0x08000b24   0x08000b24   0x0000001e   Code   RO         4593    i.IIC_Start         drv_24c0x_iic_port.o
    0x08000b42   0x08000b42   0x0000001a   Code   RO         4594    i.IIC_Stop          drv_24c0x_iic_port.o
    0x08000b5c   0x08000b5c   0x00000064   Code   RO         4595    i.IIC_hw_init       drv_24c0x_iic_port.o
    0x08000bc0   0x08000bc0   0x00000064   Code   RO          132    i.NVIC_Init         misc.o
    0x08000c24   0x08000c24   0x00000014   Code   RO          133    i.NVIC_PriorityGroupConfig  misc.o
    0x08000c38   0x08000c38   0x00000020   Code   RO         5561    i.PageV             ui_manager.o
    0x08000c58   0x08000c58   0x00000018   Code   RO         1701    i.RCC_APB1PeriphClockCmd  stm32f10x_rcc.o
    0x08000c70   0x08000c70   0x00000018   Code   RO         1703    i.RCC_APB2PeriphClockCmd  stm32f10x_rcc.o
    0x08000c88   0x08000c88   0x00000094   Code   RO         1711    i.RCC_GetClocksFreq  stm32f10x_rcc.o
    0x08000d1c   0x08000d1c   0x0000000c   Code   RO         4742    i.RCK_L             drv_74hc595_port_for_seg_bus.o
    0x08000d28   0x08000d28   0x00000084   Code   RO         4212    i.RdFromROM         drv_24c0x.o
    0x08000dac   0x08000dac   0x00000010   Code   RO         4743    i.SCK_L             drv_74hc595_port_for_seg_bus.o
    0x08000dbc   0x08000dbc   0x0000000c   Code   RO         4596    i.SCL_H             drv_24c0x_iic_port.o
    0x08000dc8   0x08000dc8   0x0000000c   Code   RO         4597    i.SCL_L             drv_24c0x_iic_port.o
    0x08000dd4   0x08000dd4   0x00000010   Code   RO         4598    i.SDA_H             drv_24c0x_iic_port.o
    0x08000de4   0x08000de4   0x00000010   Code   RO         4599    i.SDA_L             drv_24c0x_iic_port.o
    0x08000df4   0x08000df4   0x000000a8   Code   RO           24    i.SetSysClockTo72   system_stm32f10x.o
    0x08000e9c   0x08000e9c   0x00000014   Code   RO         3157    i.SysTick_Handler   stm32f10x_it.o
    0x08000eb0   0x08000eb0   0x00000050   Code   RO           26    i.SystemInit        system_stm32f10x.o
    0x08000f00   0x08000f00   0x00000022   Code   RO         3158    i.TIM2_IRQHandler   stm32f10x_it.o
    0x08000f22   0x08000f22   0x00000002   PAD
    0x08000f24   0x08000f24   0x00000024   Code   RO         3159    i.TIM3_IRQHandler   stm32f10x_it.o
    0x08000f48   0x08000f48   0x00000006   Code   RO         2326    i.TIM_ClearFlag     stm32f10x_tim.o
    0x08000f4e   0x08000f4e   0x00000006   Code   RO         2327    i.TIM_ClearITPendingBit  stm32f10x_tim.o
    0x08000f54   0x08000f54   0x00000014   Code   RO         2332    i.TIM_Cmd           stm32f10x_tim.o
    0x08000f68   0x08000f68   0x00000018   Code   RO         2353    i.TIM_GetITStatus   stm32f10x_tim.o
    0x08000f80   0x08000f80   0x00000010   Code   RO         2357    i.TIM_ITConfig      stm32f10x_tim.o
    0x08000f90   0x08000f90   0x0000009c   Code   RO         2403    i.TIM_TimeBaseInit  stm32f10x_tim.o
    0x0800102c   0x0800102c   0x00000034   Code   RO         3160    i.USART1_IRQHandler  stm32f10x_it.o
    0x08001060   0x08001060   0x00000034   Code   RO         3161    i.USART2_IRQHandler  stm32f10x_it.o
    0x08001094   0x08001094   0x00000014   Code   RO         2855    i.USART_Cmd         stm32f10x_usart.o
    0x080010a8   0x080010a8   0x000000b4   Code   RO         4143    i.USART_Config      drv_debug_usart.o
    0x0800115c   0x0800115c   0x0000000e   Code   RO         2858    i.USART_GetFlagStatus  stm32f10x_usart.o
    0x0800116a   0x0800116a   0x0000003e   Code   RO         2859    i.USART_GetITStatus  stm32f10x_usart.o
    0x080011a8   0x080011a8   0x00000030   Code   RO         2861    i.USART_ITConfig    stm32f10x_usart.o
    0x080011d8   0x080011d8   0x000000ac   Code   RO         2862    i.USART_Init        stm32f10x_usart.o
    0x08001284   0x08001284   0x00000008   Code   RO         2869    i.USART_ReceiveData  stm32f10x_usart.o
    0x0800128c   0x0800128c   0x00000008   Code   RO         2872    i.USART_SendData    stm32f10x_usart.o
    0x08001294   0x08001294   0x00000016   Code   RO         4701    i.Usart_SendByte    drv_audio_usart_port.o
    0x080012aa   0x080012aa   0x00000002   PAD
    0x080012ac   0x080012ac   0x000000bc   Code   RO         4213    i.WrToRomB          drv_24c0x.o
    0x08001368   0x08001368   0x00000020   Code   RO         5924    i.__0printf         mc_w.l(printfa.o)
    0x08001388   0x08001388   0x0000002c   Code   RO         5929    i.__0vsnprintf      mc_w.l(printfa.o)
    0x080013b4   0x080013b4   0x0000000e   Code   RO         5994    i.__scatterload_copy  mc_w.l(handlers.o)
    0x080013c2   0x080013c2   0x00000002   Code   RO         5995    i.__scatterload_null  mc_w.l(handlers.o)
    0x080013c4   0x080013c4   0x0000000e   Code   RO         5996    i.__scatterload_zeroinit  mc_w.l(handlers.o)
    0x080013d2   0x080013d2   0x00000002   PAD
    0x080013d4   0x080013d4   0x00000184   Code   RO         5931    i._fp_digits        mc_w.l(printfa.o)
    0x08001558   0x08001558   0x000006dc   Code   RO         5932    i._printf_core      mc_w.l(printfa.o)
    0x08001c34   0x08001c34   0x00000024   Code   RO         5933    i._printf_post_padding  mc_w.l(printfa.o)
    0x08001c58   0x08001c58   0x0000002e   Code   RO         5934    i._printf_pre_padding  mc_w.l(printfa.o)
    0x08001c86   0x08001c86   0x00000016   Code   RO         5935    i._snputc           mc_w.l(printfa.o)
    0x08001c9c   0x08001c9c   0x00000038   Code   RO         5629    i.add_args          ui_page_selt_args_page.o
    0x08001cd4   0x08001cd4   0x00000010   Code   RO         4091    i.add_systick       drv_timer_tick.o
    0x08001ce4   0x08001ce4   0x00000010   Code   RO         4331    i.close_io_mos_0    drv_io_mos.o
    0x08001cf4   0x08001cf4   0x00000010   Code   RO         4332    i.close_io_mos_1    drv_io_mos.o
    0x08001d04   0x08001d04   0x0000000c   Code   RO         4333    i.close_io_mos_2    drv_io_mos.o
    0x08001d10   0x08001d10   0x0000000c   Code   RO         4334    i.close_io_mos_3    drv_io_mos.o
    0x08001d1c   0x08001d1c   0x0000000c   Code   RO         4335    i.close_io_mos_4    drv_io_mos.o
    0x08001d28   0x08001d28   0x00000028   Code   RO         5521    i.close_mtr         game_logic_cc_gift_out.o
    0x08001d50   0x08001d50   0x00000024   Code   RO         4744    i.clr_bit_but_no_out  drv_74hc595_port_for_seg_bus.o
    0x08001d74   0x08001d74   0x00000024   Code   RO         4898    i.clr_bit_but_no_out  drv_74hc595_port_for_2803.o
    0x08001d98   0x08001d98   0x00000030   Code   RO         4745    i.clr_bit_hc595     drv_74hc595_port_for_seg_bus.o
    0x08001dc8   0x08001dc8   0x00000030   Code   RO         4899    i.clr_bit_hc595     drv_74hc595_port_for_2803.o
    0x08001df8   0x08001df8   0x0000001c   Code   RO         4415    i.cmd_play_now_audio_0  drv_audio.o
    0x08001e14   0x08001e14   0x0000001c   Code   RO         4416    i.cmd_play_now_audio_1  drv_audio.o
    0x08001e30   0x08001e30   0x00000020   Code   RO         4417    i.cmd_set_gingle_cycle_audio_0  drv_audio.o
    0x08001e50   0x08001e50   0x00000020   Code   RO         4418    i.cmd_set_gingle_cycle_audio_1  drv_audio.o
    0x08001e70   0x08001e70   0x00000030   Code   RO         4419    i.cmd_set_music_file_audio_0  drv_audio.o
    0x08001ea0   0x08001ea0   0x00000030   Code   RO         4420    i.cmd_set_music_file_audio_1  drv_audio.o
    0x08001ed0   0x08001ed0   0x00000034   Code   RO         4421    i.cmd_set_volume_audio_0  drv_audio.o
    0x08001f04   0x08001f04   0x00000034   Code   RO         4422    i.cmd_set_volume_audio_1  drv_audio.o
    0x08001f38   0x08001f38   0x00000050   Code   RO         4423    i.cmd_set_work_mode_audio_0  drv_audio.o
    0x08001f88   0x08001f88   0x00000050   Code   RO         4424    i.cmd_set_work_mode_audio_1  drv_audio.o
    0x08001fd8   0x08001fd8   0x0000001e   Code   RO         5487    i.deal_ball_recycle_score_logic  game_logic_cc_ball_recycle_score.o
    0x08001ff6   0x08001ff6   0x00000002   PAD
    0x08001ff8   0x08001ff8   0x000000f0   Code   RO         5488    i.deal_ball_recycle_socre  game_logic_cc_ball_recycle_score.o
    0x080020e8   0x080020e8   0x00000068   Code   RO         5432    i.deal_coin_signal  game_logic_cc_coin.o
    0x08002150   0x08002150   0x000000e8   Code   RO         5506    i.deal_doll_score_logic  game_logic_cc_doll_score.o
    0x08002238   0x08002238   0x00000218   Code   RO         5522    i.deal_gift_out_logic  game_logic_cc_gift_out.o
    0x08002450   0x08002450   0x0000014c   Code   RO         5472    i.deal_gun_logic    game_logic_cc_gun.o
    0x0800259c   0x0800259c   0x000000d0   Code   RO         5546    i.deal_key_logic    game_logic_cc_keyled.o
    0x0800266c   0x0800266c   0x00000034   Code   RO         4425    i.deal_req_audio_0_coroutine  drv_audio.o
    0x080026a0   0x080026a0   0x00000048   Code   RO         4426    i.deal_req_audio_1_coroutine  drv_audio.o
    0x080026e8   0x080026e8   0x0000019c   Code   RO         5452    i.deal_tsmt_logic   game_logic_cc_transmitter.o
    0x08002884   0x08002884   0x00000016   Code   RO         4092    i.delay             drv_timer_tick.o
    0x0800289a   0x0800289a   0x00000002   Code   RO         4746    i.disable_hc595     drv_74hc595_port_for_seg_bus.o
    0x0800289c   0x0800289c   0x00000002   Code   RO         4900    i.disable_hc595     drv_74hc595_port_for_2803.o
    0x0800289e   0x0800289e   0x00000002   Code   RO         5595    i.disp              ui_page_idle.o
    0x080028a0   0x080028a0   0x00000074   Code   RO         5630    i.disp              ui_page_selt_args_page.o
    0x08002914   0x08002914   0x00000020   Code   RO         4270    i.display           drv_seg_bus.o
    0x08002934   0x08002934   0x0000000e   Code   RO         4271    i.display_graph     drv_seg_bus.o
    0x08002942   0x08002942   0x0000000e   Code   RO         4272    i.display_val       drv_seg_bus.o
    0x08002950   0x08002950   0x000000b8   Code   RO         4997    i.do_create_host_task  task_host.o
    0x08002a08   0x08002a08   0x000000bc   Code   RO         5029    i.do_create_listen_task  task_listen.o
    0x08002ac4   0x08002ac4   0x000000c8   Code   RO         5063    i.do_create_player1_task  task_player1.o
    0x08002b8c   0x08002b8c   0x000000c8   Code   RO         5089    i.do_create_player2_task  task_player2.o
    0x08002c54   0x08002c54   0x000000c8   Code   RO         5115    i.do_create_player3_task  task_player3.o
    0x08002d1c   0x08002d1c   0x00000038   Code   RO         4974    i.do_create_start_task  task_start.o
    0x08002d54   0x08002d54   0x000000ac   Code   RO         5141    i.do_create_ui_task  task_ui.o
    0x08002e00   0x08002e00   0x00000002   Code   RO         4747    i.enable_hc595      drv_74hc595_port_for_seg_bus.o
    0x08002e02   0x08002e02   0x00000002   Code   RO         4901    i.enable_hc595      drv_74hc595_port_for_2803.o
    0x08002e04   0x08002e04   0x00000024   Code   RO         4145    i.fputc             drv_debug_usart.o
    0x08002e28   0x08002e28   0x00000006   Code   RO         5186    i.game_data_create  game_data_create.o
    0x08002e2e   0x08002e2e   0x00000004   Code   RO         5206    i.game_data_destory  game_data_destroy.o
    0x08002e32   0x08002e32   0x00000002   PAD
    0x08002e34   0x08002e34   0x00000040   Code   RO         5242    i.game_logic_deal   game_logic_deal.o
    0x08002e74   0x08002e74   0x00000030   Code   RO         5433    i.get_coin_signal   game_logic_cc_coin.o
    0x08002ea4   0x08002ea4   0x0000003c   Code   RO         5523    i.get_gift_signal   game_logic_cc_gift_out.o
    0x08002ee0   0x08002ee0   0x00000004   Code   RO         5596    i.get_input_event   ui_page_idle.o
    0x08002ee4   0x08002ee4   0x00000004   Code   RO         5631    i.get_input_event   ui_page_selt_args_page.o
    0x08002ee8   0x08002ee8   0x00000030   Code   RO         5400    i.get_keyboard_event  keyboard_coroutine.o
    0x08002f18   0x08002f18   0x0000000c   Code   RO         4095    i.get_systick       drv_timer_tick.o
    0x08002f24   0x08002f24   0x00000118   Code   RO         5262    i.host_master_thread  host_master_thread.o
    0x0800303c   0x0800303c   0x0000008c   Code   RO         4702    i.init_audio_usart_port_1st  drv_audio_usart_port.o
    0x080030c8   0x080030c8   0x00000002   Code   RO         4703    i.init_audio_usart_port_2nd  drv_audio_usart_port.o
    0x080030ca   0x080030ca   0x00000002   PAD
    0x080030cc   0x080030cc   0x0000002c   Code   RO         4214    i.init_drv_24c0x    drv_24c0x.o
    0x080030f8   0x080030f8   0x0000009c   Code   RO         4427    i.init_drv_audio_1st  drv_audio.o
    0x08003194   0x08003194   0x00000098   Code   RO         4428    i.init_drv_audio_2nd  drv_audio.o
    0x0800322c   0x0800322c   0x0000001c   Code   RO         4146    i.init_drv_debug_usart_after_os_run  drv_debug_usart.o
    0x08003248   0x08003248   0x00000030   Code   RO         4147    i.init_drv_debug_usart_before_os_run  drv_debug_usart.o
    0x08003278   0x08003278   0x00000030   Code   RO         4526    i.init_drv_ex_inputbus  drv_ex_inputbus.o
    0x080032a8   0x080032a8   0x00000030   Code   RO         4556    i.init_drv_ex_led   drv_ex_led.o
    0x080032d8   0x080032d8   0x000000cc   Code   RO         4241    i.init_drv_eye_input  drv_eye_input.o
    0x080033a4   0x080033a4   0x00000034   Code   RO         4854    i.init_drv_hc165_port1  drv_74hc165_port1.o
    0x080033d8   0x080033d8   0x000000f0   Code   RO         4902    i.init_drv_hc595_for_2803  drv_74hc595_port_for_2803.o
    0x080034c8   0x080034c8   0x000000d0   Code   RO         4748    i.init_drv_hc595_seg_bus  drv_74hc595_port_for_seg_bus.o
    0x08003598   0x08003598   0x00000038   Code   RO         4336    i.init_drv_io_mos   drv_io_mos.o
    0x080035d0   0x080035d0   0x0000002c   Code   RO         4670    i.init_drv_loop_port  drv_loop_port.o
    0x080035fc   0x080035fc   0x000000ac   Code   RO         4273    i.init_drv_seg_bus  drv_seg_bus.o
    0x080036a8   0x080036a8   0x00000034   Code   RO         4096    i.init_drv_timer_tick  drv_timer_tick.o
    0x080036dc   0x080036dc   0x0000002c   Code   RO         5287    i.init_exled_coroutine  exled_coroutine.o
    0x08003708   0x08003708   0x00000038   Code   RO         5166    i.init_gdat_opt     game_data.o
    0x08003740   0x08003740   0x0000006c   Code   RO         4855    i.init_hw_hc165     drv_74hc165_port1.o
    0x080037ac   0x080037ac   0x00000094   Code   RO         4337    i.init_hw_io_mos    drv_io_mos.o
    0x08003840   0x08003840   0x0000001c   Code   RO         5401    i.init_keyboard_coroutine  keyboard_coroutine.o
    0x0800385c   0x0800385c   0x0000002c   Code   RO         5316    i.init_seg_coroutine  seg_coroitine.o
    0x08003888   0x08003888   0x00000034   Code   RO         4527    i.input_bus_get_bit  drv_ex_inputbus.o
    0x080038bc   0x080038bc   0x00000058   Code   RO         4528    i.input_bus_refresh  drv_ex_inputbus.o
    0x08003914   0x08003914   0x00000034   Code   RO         4557    i.led_close         drv_ex_led.o
    0x08003948   0x08003948   0x00000034   Code   RO         4558    i.led_open          drv_ex_led.o
    0x0800397c   0x0800397c   0x00000064   Code   RO         5386    i.listen_all_gun_ready_coroutine  gun_sta_coroutine.o
    0x080039e0   0x080039e0   0x0000008c   Code   RO         5402    i.listen_coroutine_keyboard  keyboard_coroutine.o
    0x08003a6c   0x08003a6c   0x00000088   Code   RO         5360    i.listen_doll_move_coroutine  doll_move_coroutine.o
    0x08003af4   0x08003af4   0x00000068   Code   RO         5288    i.listen_exled_coroutine  exled_coroutine.o
    0x08003b5c   0x08003b5c   0x00000068   Code   RO         5317    i.listen_seg_coroutine  seg_coroitine.o
    0x08003bc4   0x08003bc4   0x00000014   Code   RO         5263    i.listten_seg       host_master_thread.o
    0x08003bd8   0x08003bd8   0x00000018   Code   RO         4671    i.loop_create       drv_loop_port.o
    0x08003bf0   0x08003bf0   0x0000002e   Code   RO         4672    i.loop_read         drv_loop_port.o
    0x08003c1e   0x08003c1e   0x00000030   Code   RO         4673    i.loop_write        drv_loop_port.o
    0x08003c4e   0x08003c4e   0x00000012   Code   RO         3085    i.main              main.o
    0x08003c60   0x08003c60   0x0000000c   Code   RO         4338    i.mos_close         drv_io_mos.o
    0x08003c6c   0x08003c6c   0x0000000c   Code   RO         4339    i.mos_open          drv_io_mos.o
    0x08003c78   0x08003c78   0x00000010   Code   RO         5632    i.mouse_move        ui_page_selt_args_page.o
    0x08003c88   0x08003c88   0x00000020   Code   RO         5633    i.mouse_to_board    ui_page_selt_args_page.o
    0x08003ca8   0x08003ca8   0x0000002c   Code   RO         4148    i.mq_deal_coroutine  drv_debug_usart.o
    0x08003cd4   0x08003cd4   0x0000002c   Code   RO         4149    i.mq_printf         drv_debug_usart.o
    0x08003d00   0x08003d00   0x00000030   Code   RO         4150    i.mq_printf_isr     drv_debug_usart.o
    0x08003d30   0x08003d30   0x00000002   Code   RO         5562    i.null_page_disp    ui_manager.o
    0x08003d32   0x08003d32   0x00000004   Code   RO         5563    i.null_page_get_input_event  ui_manager.o
    0x08003d36   0x08003d36   0x00000002   Code   RO         5564    i.null_page_run     ui_manager.o
    0x08003d38   0x08003d38   0x00000010   Code   RO         4340    i.open_io_mos_0     drv_io_mos.o
    0x08003d48   0x08003d48   0x00000010   Code   RO         4341    i.open_io_mos_1     drv_io_mos.o
    0x08003d58   0x08003d58   0x0000000c   Code   RO         4342    i.open_io_mos_2     drv_io_mos.o
    0x08003d64   0x08003d64   0x0000000c   Code   RO         4343    i.open_io_mos_3     drv_io_mos.o
    0x08003d70   0x08003d70   0x0000000c   Code   RO         4344    i.open_io_mos_4     drv_io_mos.o
    0x08003d7c   0x08003d7c   0x00000070   Code   RO         3534    i.prvAddCurrentTaskToDelayedList  tasks.o
    0x08003dec   0x08003dec   0x000000d0   Code   RO         3535    i.prvAddNewTaskToReadyList  tasks.o
    0x08003ebc   0x08003ebc   0x00000050   Code   RO         3844    i.prvCheckForValidListAndQueue  timers.o
    0x08003f0c   0x08003f0c   0x00000054   Code   RO         3536    i.prvCheckTasksWaitingTermination  tasks.o
    0x08003f60   0x08003f60   0x00000026   Code   RO         3352    i.prvCopyDataFromQueue  queue.o
    0x08003f86   0x08003f86   0x0000006c   Code   RO         3353    i.prvCopyDataToQueue  queue.o
    0x08003ff2   0x08003ff2   0x00000014   Code   RO         3537    i.prvDeleteTCB      tasks.o
    0x08004006   0x08004006   0x00000002   PAD
    0x08004008   0x08004008   0x0000004c   Code   RO         3964    i.prvHeapInit       heap_4.o
    0x08004054   0x08004054   0x00000028   Code   RO         3538    i.prvIdleTask       tasks.o
    0x0800407c   0x0800407c   0x000000bc   Code   RO         3539    i.prvInitialiseNewTask  tasks.o
    0x08004138   0x08004138   0x0000004c   Code   RO         3965    i.prvInsertBlockIntoFreeList  heap_4.o
    0x08004184   0x08004184   0x00000038   Code   RO         3845    i.prvInsertTimerInActiveList  timers.o
    0x080041bc   0x080041bc   0x0000001a   Code   RO         3354    i.prvIsQueueEmpty   queue.o
    0x080041d6   0x080041d6   0x00000002   PAD
    0x080041d8   0x080041d8   0x00000098   Code   RO         3355    i.prvNotifyQueueSetContainer  queue.o
    0x08004270   0x08004270   0x00000060   Code   RO         3846    i.prvProcessExpiredTimer  timers.o
    0x080042d0   0x080042d0   0x000000f4   Code   RO         3847    i.prvProcessReceivedCommands  timers.o
    0x080043c4   0x080043c4   0x0000006c   Code   RO         3848    i.prvProcessTimerOrBlockTask  timers.o
    0x08004430   0x08004430   0x00000020   Code   RO         3540    i.prvResetNextTaskUnblockTime  tasks.o
    0x08004450   0x08004450   0x00000028   Code   RO         3849    i.prvSampleTimeNow  timers.o
    0x08004478   0x08004478   0x0000006c   Code   RO         3850    i.prvSwitchTimerLists  timers.o
    0x080044e4   0x080044e4   0x00000060   Code   RO         4014    i.prvTaskExitError  port.o
    0x08004544   0x08004544   0x00000028   Code   RO         3851    i.prvTimerTask      timers.o
    0x0800456c   0x0800456c   0x00000078   Code   RO         3356    i.prvUnlockQueue    queue.o
    0x080045e4   0x080045e4   0x00000024   Code   RO         5289    i.pull_exled_req    exled_coroutine.o
    0x08004608   0x08004608   0x0000001c   Code   RO         5403    i.pull_keyboard_event  keyboard_coroutine.o
    0x08004624   0x08004624   0x00000030   Code   RO         5318    i.pull_seg_disp_graphical_req  seg_coroitine.o
    0x08004654   0x08004654   0x00000030   Code   RO         5319    i.pull_seg_disp_num_req  seg_coroitine.o
    0x08004684   0x08004684   0x00000018   Code   RO         4429    i.put_cmd_to_audio_0  drv_audio.o
    0x0800469c   0x0800469c   0x00000018   Code   RO         4430    i.put_cmd_to_audio_1  drv_audio.o
    0x080046b4   0x080046b4   0x00000114   Code   RO         3966    i.pvPortMalloc      heap_4.o
    0x080047c8   0x080047c8   0x00000018   Code   RO         3542    i.pvTaskIncrementMutexHeldCount  tasks.o
    0x080047e0   0x080047e0   0x00000024   Code   RO         4015    i.pxPortInitialiseStack  port.o
    0x08004804   0x08004804   0x00000088   Code   RO         5218    i.read_board_config  game_data_config.o
    0x0800488c   0x0800488c   0x000000a4   Code   RO         4242    i.read_bus          drv_eye_input.o
    0x08004930   0x08004930   0x00000070   Code   RO         4856    i.read_byte         drv_74hc165_port1.o
    0x080049a0   0x080049a0   0x00000078   Code   RO         4243    i.read_eye          drv_eye_input.o
    0x08004a18   0x08004a18   0x00000038   Code   RO         5634    i.reduce_args       ui_page_selt_args_page.o
    0x08004a50   0x08004a50   0x00000030   Code   RO         4431    i.req_audio_0_play  drv_audio.o
    0x08004a80   0x08004a80   0x00000030   Code   RO         4432    i.req_audio_1_play  drv_audio.o
    0x08004ab0   0x08004ab0   0x0000000c   Code   RO         5361    i.req_doll_move_active  doll_move_coroutine.o
    0x08004abc   0x08004abc   0x0000000c   Code   RO         5362    i.req_doll_move_unactive  doll_move_coroutine.o
    0x08004ac8   0x08004ac8   0x0000007c   Code   RO         5597    i.run               ui_page_idle.o
    0x08004b44   0x08004b44   0x00000120   Code   RO         5635    i.run               ui_page_selt_args_page.o
    0x08004c64   0x08004c64   0x0000000c   Code   RO         4704    i.send_char_to_audio_0  drv_audio_usart_port.o
    0x08004c70   0x08004c70   0x0000000c   Code   RO         4705    i.send_char_to_audio_1  drv_audio_usart_port.o
    0x08004c7c   0x08004c7c   0x00000040   Code   RO         4706    i.set_audio_aux     drv_audio_usart_port.o
    0x08004cbc   0x08004cbc   0x00000024   Code   RO         4749    i.set_bit_but_no_out  drv_74hc595_port_for_seg_bus.o
    0x08004ce0   0x08004ce0   0x00000024   Code   RO         4903    i.set_bit_but_no_out  drv_74hc595_port_for_2803.o
    0x08004d04   0x08004d04   0x00000030   Code   RO         4750    i.set_bit_hc595     drv_74hc595_port_for_seg_bus.o
    0x08004d34   0x08004d34   0x00000030   Code   RO         4904    i.set_bit_hc595     drv_74hc595_port_for_2803.o
    0x08004d64   0x08004d64   0x00000066   Code   RO         4274    i.set_graph         drv_seg_bus.o
    0x08004dca   0x08004dca   0x00000002   PAD
    0x08004dcc   0x08004dcc   0x00000020   Code   RO         4275    i.set_graph_bit     drv_seg_bus.o
    0x08004dec   0x08004dec   0x00000010   Code   RO         4276    i.set_num           drv_seg_bus.o
    0x08004dfc   0x08004dfc   0x0000004c   Code   RO         4277    i.set_num_bit       drv_seg_bus.o
    0x08004e48   0x08004e48   0x00000046   Code   RO         4278    i.set_val           drv_seg_bus.o
    0x08004e8e   0x08004e8e   0x00000018   Code   RO         4433    i.sum_data          drv_audio.o
    0x08004ea6   0x08004ea6   0x00000002   PAD
    0x08004ea8   0x08004ea8   0x0000000c   Code   RO         5243    i.suspend_game_logic  game_logic_deal.o
    0x08004eb4   0x08004eb4   0x0000000c   Code   RO         5320    i.suspend_seg_coroutine  seg_coroitine.o
    0x08004ec0   0x08004ec0   0x00000004   Code   RO         4999    i.task_host         task_host.o
    0x08004ec4   0x08004ec4   0x00000018   Code   RO         5032    i.task_listen       task_listen.o
    0x08004edc   0x08004edc   0x00000038   Code   RO         5065    i.task_player1      task_player1.o
    0x08004f14   0x08004f14   0x00000038   Code   RO         5091    i.task_player2      task_player2.o
    0x08004f4c   0x08004f4c   0x00000054   Code   RO         5117    i.task_player3      task_player3.o
    0x08004fa0   0x08004fa0   0x00000064   Code   RO         4975    i.task_start        task_start.o
    0x08005004   0x08005004   0x00000016   Code   RO         5143    i.task_ui           task_ui.o
    0x0800501a   0x0800501a   0x00000004   Code   RO         4751    i.update_bus        drv_74hc595_port_for_seg_bus.o
    0x0800501e   0x0800501e   0x00000002   PAD
    0x08005020   0x08005020   0x00000040   Code   RO         4857    i.update_bus        drv_74hc165_port1.o
    0x08005060   0x08005060   0x00000004   Code   RO         4905    i.update_bus        drv_74hc595_port_for_2803.o
    0x08005064   0x08005064   0x00000038   Code   RO         4752    i.update_data_hc595  drv_74hc595_port_for_seg_bus.o
    0x0800509c   0x0800509c   0x00000038   Code   RO         4906    i.update_data_hc595  drv_74hc595_port_for_2803.o
    0x080050d4   0x080050d4   0x00000004   Code   RO         4753    i.update_out_from_drv  drv_74hc595_port_for_seg_bus.o
    0x080050d8   0x080050d8   0x00000004   Code   RO         4907    i.update_out_from_drv  drv_74hc595_port_for_2803.o
    0x080050dc   0x080050dc   0x0000001e   Code   RO         4754    i.update_out_from_usr  drv_74hc595_port_for_seg_bus.o
    0x080050fa   0x080050fa   0x0000001e   Code   RO         4908    i.update_out_from_usr  drv_74hc595_port_for_2803.o
    0x08005118   0x08005118   0x00000024   Code   RO         3315    i.uxListRemove      list.o
    0x0800513c   0x0800513c   0x00000016   Code   RO         3316    i.vListInitialise   list.o
    0x08005152   0x08005152   0x00000006   Code   RO         3317    i.vListInitialiseItem  list.o
    0x08005158   0x08005158   0x00000030   Code   RO         3318    i.vListInsert       list.o
    0x08005188   0x08005188   0x00000018   Code   RO         3319    i.vListInsertEnd    list.o
    0x080051a0   0x080051a0   0x00000074   Code   RO         4017    i.vPortEnterCritical  port.o
    0x08005214   0x08005214   0x00000060   Code   RO         4018    i.vPortExitCritical  port.o
    0x08005274   0x08005274   0x0000009c   Code   RO         3967    i.vPortFree         heap_4.o
    0x08005310   0x08005310   0x00000020   Code   RO         4019    i.vPortSetupTimerInterrupt  port.o
    0x08005330   0x08005330   0x00000088   Code   RO         4020    i.vPortValidateInterruptPriority  port.o
    0x080053b8   0x080053b8   0x00000024   Code   RO         3360    i.vQueueAddToRegistry  queue.o
    0x080053dc   0x080053dc   0x00000044   Code   RO         3363    i.vQueueWaitForMessageRestricted  queue.o
    0x08005420   0x08005420   0x00000074   Code   RO         3548    i.vTaskDelay        tasks.o
    0x08005494   0x08005494   0x000000d4   Code   RO         3550    i.vTaskDelete       tasks.o
    0x08005568   0x08005568   0x0000000c   Code   RO         3552    i.vTaskMissedYield  tasks.o
    0x08005574   0x08005574   0x0000005c   Code   RO         3554    i.vTaskPlaceOnEventList  tasks.o
    0x080055d0   0x080055d0   0x00000064   Code   RO         3555    i.vTaskPlaceOnEventListRestricted  tasks.o
    0x08005634   0x08005634   0x00000084   Code   RO         3557    i.vTaskPriorityInherit  tasks.o
    0x080056b8   0x080056b8   0x00000050   Code   RO         3560    i.vTaskSetTimeOutState  tasks.o
    0x08005708   0x08005708   0x0000009c   Code   RO         3561    i.vTaskStartScheduler  tasks.o
    0x080057a4   0x080057a4   0x00000010   Code   RO         3563    i.vTaskSuspendAll   tasks.o
    0x080057b4   0x080057b4   0x00000084   Code   RO         3564    i.vTaskSwitchContext  tasks.o
    0x08005838   0x08005838   0x00000024   Code   RO         5219    i.wirte_game_data_gift_cntr  game_data_config.o
    0x0800585c   0x0800585c   0x0000001c   Code   RO         4755    i.write_bus_data    drv_74hc595_port_for_seg_bus.o
    0x08005878   0x08005878   0x0000001c   Code   RO         4909    i.write_bus_data    drv_74hc595_port_for_2803.o
    0x08005894   0x08005894   0x00000064   Code   RO         4756    i.write_data_hc595  drv_74hc595_port_for_seg_bus.o
    0x080058f8   0x080058f8   0x0000006c   Code   RO         4910    i.write_data_hc595  drv_74hc595_port_for_2803.o
    0x08005964   0x08005964   0x00000020   Code   RO         5220    i.write_game_data_player_data  game_data_config.o
    0x08005984   0x08005984   0x0000000c   Code   RO         3969    i.xPortGetFreeHeapSize  heap_4.o
    0x08005990   0x08005990   0x00000078   Code   RO         4021    i.xPortStartScheduler  port.o
    0x08005a08   0x08005a08   0x0000002c   Code   RO         4022    i.xPortSysTickHandler  port.o
    0x08005a34   0x08005a34   0x00000024   Code   RO         3365    i.xQueueCreateMutex  queue.o
    0x08005a58   0x08005a58   0x00000074   Code   RO         3367    i.xQueueGenericCreate  queue.o
    0x08005acc   0x08005acc   0x0000018c   Code   RO         3368    i.xQueueGenericReceive  queue.o
    0x08005c58   0x08005c58   0x000000b0   Code   RO         3369    i.xQueueGenericReset  queue.o
    0x08005d08   0x08005d08   0x00000190   Code   RO         3370    i.xQueueGenericSend  queue.o
    0x08005e98   0x08005e98   0x000000e8   Code   RO         3371    i.xQueueGenericSendFromISR  queue.o
    0x08005f80   0x08005f80   0x00000090   Code   RO         3565    i.xTaskCheckForTimeOut  tasks.o
    0x08006010   0x08006010   0x00000056   Code   RO         3566    i.xTaskCreate       tasks.o
    0x08006066   0x08006066   0x00000002   PAD
    0x08006068   0x08006068   0x0000001c   Code   RO         3570    i.xTaskGetSchedulerState  tasks.o
    0x08006084   0x08006084   0x0000000c   Code   RO         3571    i.xTaskGetTickCount  tasks.o
    0x08006090   0x08006090   0x000000f0   Code   RO         3573    i.xTaskIncrementTick  tasks.o
    0x08006180   0x08006180   0x000000bc   Code   RO         3576    i.xTaskPriorityDisinherit  tasks.o
    0x0800623c   0x0800623c   0x000000a0   Code   RO         3577    i.xTaskRemoveFromEventList  tasks.o
    0x080062dc   0x080062dc   0x000000ec   Code   RO         3579    i.xTaskResumeAll    tasks.o
    0x080063c8   0x080063c8   0x00000078   Code   RO         3854    i.xTimerCreate      timers.o
    0x08006440   0x08006440   0x00000078   Code   RO         3855    i.xTimerCreateTimerTask  timers.o
    0x080064b8   0x080064b8   0x00000094   Code   RO         3856    i.xTimerGenericCommand  timers.o
    0x0800654c   0x0800654c   0x00000020   Data   RO         5992    Region$$Table       anon$$obj.o


    Execution Region RW_IRAM1 (Exec base: 0x20000000, Load base: 0x0800656c, Size: 0x00004c50, Max: 0x00005000, ABSOLUTE, COMPRESSED[0x00000064])

    Exec Addr    Load Addr    Size         Type   Attr      Idx    E Section Name        Object

    0x20000000   COMPRESSED   0x00000014   Data   RW           27    .data               system_stm32f10x.o
    0x20000014   COMPRESSED   0x00000014   Data   RW         1731    .data               stm32f10x_rcc.o
    0x20000028   COMPRESSED   0x0000003c   Data   RW         3582    .data               tasks.o
    0x20000064   COMPRESSED   0x00000014   Data   RW         3864    .data               timers.o
    0x20000078   COMPRESSED   0x00000018   Data   RW         3972    .data               heap_4.o
    0x20000090   COMPRESSED   0x0000000c   Data   RW         4023    .data               port.o
    0x2000009c   COMPRESSED   0x00000014   Data   RW         4097    .data               drv_timer_tick.o
    0x200000b0   COMPRESSED   0x00000008   Data   RW         4152    .data               drv_debug_usart.o
    0x200000b8   COMPRESSED   0x00000010   Data   RW         4215    .data               drv_24c0x.o
    0x200000c8   COMPRESSED   0x00000010   Data   RW         4244    .data               drv_eye_input.o
    0x200000d8   COMPRESSED   0x0000000c   Data   RW         4280    .data               drv_seg_bus.o
    0x200000e4   COMPRESSED   0x00000038   Data   RW         4345    .data               drv_io_mos.o
    0x2000011c   COMPRESSED   0x00000024   Data   RW         4435    .data               drv_audio.o
    0x20000140   COMPRESSED   0x0000001c   Data   RW         4529    .data               drv_ex_inputbus.o
    0x2000015c   COMPRESSED   0x00000014   Data   RW         4559    .data               drv_ex_led.o
    0x20000170   COMPRESSED   0x00000008   Data   RW         4675    .data               drv_loop_port.o
    0x20000178   COMPRESSED   0x00000010   Data   RW         4758    .data               drv_74hc595_port_for_seg_bus.o
    0x20000188   COMPRESSED   0x00000010   Data   RW         4859    .data               drv_74hc165_port1.o
    0x20000198   COMPRESSED   0x00000010   Data   RW         4912    .data               drv_74hc595_port_for_2803.o
    0x200001a8   COMPRESSED   0x00000004   Data   RW         4976    .data               task_start.o
    0x200001ac   COMPRESSED   0x00000004   Data   RW         5000    .data               task_host.o
    0x200001b0   COMPRESSED   0x0000000c   Data   RW         5033    .data               task_listen.o
    0x200001bc   COMPRESSED   0x00000004   Data   RW         5066    .data               task_player1.o
    0x200001c0   COMPRESSED   0x00000004   Data   RW         5092    .data               task_player2.o
    0x200001c4   COMPRESSED   0x00000004   Data   RW         5118    .data               task_player3.o
    0x200001c8   COMPRESSED   0x00000004   Data   RW         5144    .data               task_ui.o
    0x200001cc   COMPRESSED   0x00000004   Data   RW         5168    .data               game_data.o
    0x200001d0   COMPRESSED   0x00000004   Data   RW         5244    .data               game_logic_deal.o
    0x200001d4   COMPRESSED   0x00000004   Data   RW         5265    .data               host_master_thread.o
    0x200001d8   COMPRESSED   0x00000004   Data   RW         5291    .data               exled_coroutine.o
    0x200001dc   COMPRESSED   0x00000008   Data   RW         5322    .data               seg_coroitine.o
    0x200001e4   COMPRESSED   0x00000018   Data   RW         5363    .data               doll_move_coroutine.o
    0x200001fc   COMPRESSED   0x0000000c   Data   RW         5387    .data               gun_sta_coroutine.o
    0x20000208   COMPRESSED   0x00000008   Data   RW         5404    .data               keyboard_coroutine.o
    0x20000210   COMPRESSED   0x00000003   Data   RW         5434    .data               game_logic_cc_coin.o
    0x20000213   COMPRESSED   0x00000003   Data   RW         5454    .data               game_logic_cc_transmitter.o
    0x20000216   COMPRESSED   0x00000003   Data   RW         5474    .data               game_logic_cc_gun.o
    0x20000219   COMPRESSED   0x00000003   Data   RW         5508    .data               game_logic_cc_doll_score.o
    0x2000021c   COMPRESSED   0x00000006   Data   RW         5548    .data               game_logic_cc_keyled.o
    0x20000222   COMPRESSED   0x00000002   PAD
    0x20000224   COMPRESSED   0x00000010   Data   RW         5565    .data               ui_manager.o
    0x20000234   COMPRESSED   0x00000010   Data   RW         5598    .data               ui_page_idle.o
    0x20000244   COMPRESSED   0x00000020   Data   RW         5636    .data               ui_page_selt_args_page.o
    0x20000264   COMPRESSED   0x00000004   Data   RW         5966    .data               mc_w.l(stdout.o)
    0x20000268        -       0x00000050   Zero   RW         3380    .bss                queue.o
    0x200002b8        -       0x000002e4   Zero   RW         3581    .bss                tasks.o
    0x2000059c        -       0x00000028   Zero   RW         3863    .bss                timers.o
    0x200005c4        -       0x00004000   Zero   RW         3971    .bss                heap_4.o
    0x200045c4        -       0x0000000c   Zero   RW         4151    .bss                drv_debug_usart.o
    0x200045d0        -       0x00000033   Zero   RW         4279    .bss                drv_seg_bus.o
    0x20004603   COMPRESSED   0x00000001   PAD
    0x20004604        -       0x00000060   Zero   RW         4434    .bss                drv_audio.o
    0x20004664        -       0x0000000c   Zero   RW         4674    .bss                drv_loop_port.o
    0x20004670        -       0x00000040   Zero   RW         4757    .bss                drv_74hc595_port_for_seg_bus.o
    0x200046b0        -       0x00000010   Zero   RW         4858    .bss                drv_74hc165_port1.o
    0x200046c0        -       0x00000024   Zero   RW         4911    .bss                drv_74hc595_port_for_2803.o
    0x200046e4        -       0x00000014   Zero   RW         5167    .bss                game_data.o
    0x200046f8        -       0x0000000c   Zero   RW         5264    .bss                host_master_thread.o
    0x20004704        -       0x0000000c   Zero   RW         5290    .bss                exled_coroutine.o
    0x20004710        -       0x00000024   Zero   RW         5321    .bss                seg_coroitine.o
    0x20004734        -       0x00000054   Zero   RW         5453    .bss                game_logic_cc_transmitter.o
    0x20004788        -       0x00000018   Zero   RW         5473    .bss                game_logic_cc_gun.o
    0x200047a0        -       0x0000001b   Zero   RW         5489    .bss                game_logic_cc_ball_recycle_score.o
    0x200047bb   COMPRESSED   0x00000001   PAD
    0x200047bc        -       0x00000018   Zero   RW         5507    .bss                game_logic_cc_doll_score.o
    0x200047d4        -       0x00000048   Zero   RW         5524    .bss                game_logic_cc_gift_out.o
    0x2000481c        -       0x00000030   Zero   RW         5547    .bss                game_logic_cc_keyled.o
    0x2000484c   COMPRESSED   0x00000004   PAD
    0x20004850        -       0x00000400   Zero   RW            1    STACK               startup_stm32f10x_hd.o


==============================================================================

Image component sizes


      Code (inc. data)   RO Data    RW Data    ZI Data      Debug   Object Name

         0          0          0          0          0       4508   core_cm3.o
       160         20          0         24          0       1989   doll_move_coroutine.o
       364         22          0         16          0       7836   drv_24c0x.o
       452         40          0          0          0       8325   drv_24c0x_iic_port.o
       380         62          0         16         16       4837   drv_74hc165_port1.o
       642        106          0         16         36       9215   drv_74hc595_port_for_2803.o
       630        100          0         16         64      10253   drv_74hc595_port_for_seg_bus.o
      1080        152          0         36         96      15817   drv_audio.o
       252         52          0          0          0       4074   drv_audio_usart_port.o
       428         66          0          8         12      11351   drv_debug_usart.o
       188         28          0         28          0       6676   drv_ex_inputbus.o
       152         30          0         20          0       6029   drv_ex_led.o
       488         72          0         16          0       6412   drv_eye_input.o
       364         82          0         56          0      11490   drv_io_mos.o
       162         22          0          8         12       2788   drv_loop_port.o
       528         58          0         12         51      10430   drv_seg_bus.o
         0          0          0          0          0       2540   drv_seg_graph_lib.o
       216         26          0         20          0       7726   drv_timer_tick.o
         0          0          0          0          0       3908   event_groups.o
       184         32          0          4         12       2939   exled_coroutine.o
        56         28          0          4         20       2007   game_data.o
       204         12          0          0          0       2098   game_data_config.o
         6          0          0          0          0       1788   game_data_create.o
         4          0          0          0          0        528   game_data_destroy.o
       270         18          0          0         27       1694   game_logic_cc_ball_recycle_score.o
       152         14          0          3          0       2215   game_logic_cc_coin.o
       232         20          0          3         24       1812   game_logic_cc_doll_score.o
       636         36          0          0         72       3716   game_logic_cc_gift_out.o
       332         30          0          3         24       1949   game_logic_cc_gun.o
       208         16          0          6         48       1885   game_logic_cc_keyled.o
       464         24          0          3         84       2836   game_logic_cc_transmitter.o
        76          8          0          4          0       1415   game_logic_deal.o
       100         12          0         12          0       1617   gun_sta_coroutine.o
       596        144          0         24      16384       4582   heap_4.o
       300        122          0          4         12       2629   host_master_thread.o
       244         30          0          8          0       3329   keyboard_coroutine.o
       136          0          0          0          0       3198   list.o
        18          0          0          0          0      18075   main.o
       120         16          0          0          0       1615   misc.o
       826        296          0         12          0      10245   port.o
      1904        282          0          0         80      13937   queue.o
       256         44          0          8         36       4246   seg_coroitine.o
        36          8        304          0       1024        880   startup_stm32f10x_hd.o
        44         10          0          0          0       1220   stm32f10x_exti.o
       266          6          0          0          0       4686   stm32f10x_gpio.o
       302         28          0          0          0      15758   stm32f10x_it.o
       196         28          0         20          0       4622   stm32f10x_rcc.o
       228         42          0          0          0       5209   stm32f10x_tim.o
       332          6          0          0          0       6557   stm32f10x_usart.o
       248         24          0         20          0     249105   system_stm32f10x.o
       188        132          0          4          0       1186   task_host.o
       212        140          0         12          0       1292   task_listen.o
       256        154          0          4          0       1277   task_player1.o
       256        154          0          4          0       1277   task_player2.o
       284        172          0          4          0       1281   task_player3.o
       156         26          0          4          0       2520   task_start.o
       194        120          0          4          0       1176   task_ui.o
      2850        776          0         60        740      29507   tasks.o
      1160        276          0         20         40       9946   timers.o
        40         14          0         16          0       3415   ui_manager.o
       130         50          0         16          0       2456   ui_page_idle.o
       568         90          0         32          0      20571   ui_page_selt_args_page.o

    ----------------------------------------------------------------------
     21784       4378        336        612      18920     590500   Object Totals
         0          0         32          0          0          0   (incl. Generated)
        28          0          0          2          6          0   (incl. Padding)

    ----------------------------------------------------------------------

      Code (inc. data)   RO Data    RW Data    ZI Data      Debug   Library Member Name

        86          0          0          0          0          0   __dczerorl2.o
         0          0          0          0          0          0   entry.o
         0          0          0          0          0          0   entry10a.o
         0          0          0          0          0          0   entry11a.o
         8          4          0          0          0          0   entry2.o
         4          0          0          0          0          0   entry5.o
         0          0          0          0          0          0   entry7b.o
         0          0          0          0          0          0   entry8b.o
         8          4          0          0          0          0   entry9a.o
        30          0          0          0          0          0   handlers.o
        36          8          0          0          0         68   init.o
         0          0          0          0          0          0   iusefp.o
        30          0          0          0          0         68   llshl.o
        36          0          0          0          0         68   llsshr.o
        32          0          0          0          0         68   llushr.o
        36          0          0          0          0         68   memcpya.o
      2324         94          0          0          0        600   printfa.o
         0          0          0          4          0          0   stdout.o
        44          0          0          0          0         80   uidiv.o
        98          0          0          0          0         92   uldiv.o
        48          0          0          0          0         68   cdrcmple.o
       334          0          0          0          0        148   dadd.o
       222          0          0          0          0        100   ddiv.o
       186          0          0          0          0        176   depilogue.o
        48          0          0          0          0         68   dfixul.o
       228          0          0          0          0         96   dmul.o

    ----------------------------------------------------------------------
      3844        110          0          4          0       1768   Library Totals
         6          0          0          0          0          0   (incl. Padding)

    ----------------------------------------------------------------------

      Code (inc. data)   RO Data    RW Data    ZI Data      Debug   Library Name

      2772        110          0          4          0       1112   mc_w.l
      1066          0          0          0          0        656   mf_w.l

    ----------------------------------------------------------------------
      3844        110          0          4          0       1768   Library Totals

    ----------------------------------------------------------------------

==============================================================================


      Code (inc. data)   RO Data    RW Data    ZI Data      Debug   

     25628       4488        336        616      18920     576484   Grand Totals
     25628       4488        336        100      18920     576484   ELF Image Totals (compressed)
     25628       4488        336        100          0          0   ROM Totals

==============================================================================

    Total RO  Size (Code + RO Data)                25964 (  25.36kB)
    Total RW  Size (RW Data + ZI Data)             19536 (  19.08kB)
    Total ROM Size (Code + RO Data + RW Data)      26064 (  25.45kB)

==============================================================================

